Archive member included to satisfy reference by file (symbol)

D:/devkitPro/libnds/lib\libnds9.a(gl2d.o)
                              main.o (glScreen2D)
D:/devkitPro/libnds/lib\libnds9.a(trig.o)
                              D:/devkitPro/libnds/lib\libnds9.a(gl2d.o) (sinLerp)
D:/devkitPro/libnds/lib\libnds9.a(videoGL.o)
                              D:/devkitPro/libnds/lib\libnds9.a(gl2d.o) (glMaterialf)
D:/devkitPro/libnds/lib\libnds9.a(keys.o)
                              main.o (scanKeys)
D:/devkitPro/libnds/lib\libnds9.a(initSystem.o)
                              d:/devkitpro/devkitarm/bin/../lib/gcc/arm-none-eabi/11.1.0/../../../../arm-none-eabi/lib/ds_arm9_crt0.o (initSystem)
D:/devkitPro/libnds/lib\libnds9.a(timeSupport.o)
                              D:/devkitPro/libnds/lib\libnds9.a(initSystem.o) (__libnds_gtod)
D:/devkitPro/libnds/lib\libnds9.a(securearea.o)
                              d:/devkitpro/devkitarm/bin/../lib/gcc/arm-none-eabi/11.1.0/../../../../arm-none-eabi/lib/ds_arm9_crt0.o (__secure_area__)
D:/devkitPro/libnds/lib\libnds9.a(interrupts.o)
                              D:/devkitPro/libnds/lib\libnds9.a(initSystem.o) (irqInit)
D:/devkitPro/libnds/lib\libnds9.a(libnds_exit.arm.o)
                              d:/devkitpro/devkitarm/bin/../lib/gcc/arm-none-eabi/11.1.0/../../../../arm-none-eabi/lib/ds_arm9_crt0.o (__libnds_exit)
D:/devkitPro/libnds/lib\libnds9.a(fifosystem.o)
                              D:/devkitPro/libnds/lib\libnds9.a(initSystem.o) (fifoSetValue32Handler)
D:/devkitPro/libnds/lib\libnds9.a(mpu_setup.o)
                              d:/devkitpro/devkitarm/bin/../lib/gcc/arm-none-eabi/11.1.0/../../../../arm-none-eabi/lib/ds_arm9_crt0.o (__libnds_mpu_setup)
D:/devkitPro/libnds/lib\libnds9.a(IntrWait.o)
                              main.o (swiWaitForVBlank)
D:/devkitPro/libnds/lib\libnds9.a(cpu_clock.o)
                              D:/devkitPro/libnds/lib\libnds9.a(initSystem.o) (setCpuClock)
D:/devkitPro/libnds/lib\libnds9.a(interruptDispatcher.o)
                              D:/devkitPro/libnds/lib\libnds9.a(interrupts.o) (IntrMain)
D:/devkitPro/libnds/lib\libnds9.a(swiSoftReset.o)
                              D:/devkitPro/libnds/lib\libnds9.a(fifosystem.o) (swiSoftReset)
D:/devkitPro/libnds/lib\libnds9.a(biosCalls.o)
                              D:/devkitPro/libnds/lib\libnds9.a(videoGL.o) (swiCopy)
D:/devkitPro/libnds/lib\libnds9.a(dynamicArray.o)
                              D:/devkitPro/libnds/lib\libnds9.a(videoGL.o) (DynamicArrayInit)
D:/devkitPro/libnds/lib\libnds9.a(video.o)
                              D:/devkitPro/libnds/lib\libnds9.a(videoGL.o) (vramSetBanks_EFG)
D:/devkitPro/libnds/lib\libnds9.a(system.o)
                              D:/devkitPro/libnds/lib\libnds9.a(initSystem.o) (systemValueHandler)
d:/devkitpro/devkitarm/bin/../lib/gcc/arm-none-eabi/11.1.0/../../../../arm-none-eabi/lib\libstdc++.a(new_opv.o)
                              main.o (operator new[](unsigned int))
d:/devkitpro/devkitarm/bin/../lib/gcc/arm-none-eabi/11.1.0/../../../../arm-none-eabi/lib\libstdc++.a(new_op.o)
                              d:/devkitpro/devkitarm/bin/../lib/gcc/arm-none-eabi/11.1.0/../../../../arm-none-eabi/lib\libstdc++.a(new_opv.o) (operator new(unsigned int))
d:/devkitpro/devkitarm/bin/../lib/gcc/arm-none-eabi/11.1.0/../../../../arm-none-eabi/lib\libstdc++.a(bad_alloc.o)
                              d:/devkitpro/devkitarm/bin/../lib/gcc/arm-none-eabi/11.1.0/../../../../arm-none-eabi/lib\libstdc++.a(new_op.o) (std::bad_alloc::~bad_alloc())
d:/devkitpro/devkitarm/bin/../lib/gcc/arm-none-eabi/11.1.0/../../../../arm-none-eabi/lib\libstdc++.a(del_ops.o)
                              d:/devkitpro/devkitarm/bin/../lib/gcc/arm-none-eabi/11.1.0/../../../../arm-none-eabi/lib\libstdc++.a(bad_alloc.o) (operator delete(void*, unsigned int))
d:/devkitpro/devkitarm/bin/../lib/gcc/arm-none-eabi/11.1.0/../../../../arm-none-eabi/lib\libstdc++.a(eh_alloc.o)
                              d:/devkitpro/devkitarm/bin/../lib/gcc/arm-none-eabi/11.1.0/../../../../arm-none-eabi/lib\libstdc++.a(new_op.o) (__cxa_allocate_exception)
d:/devkitpro/devkitarm/bin/../lib/gcc/arm-none-eabi/11.1.0/../../../../arm-none-eabi/lib\libstdc++.a(eh_exception.o)
                              d:/devkitpro/devkitarm/bin/../lib/gcc/arm-none-eabi/11.1.0/../../../../arm-none-eabi/lib\libstdc++.a(bad_alloc.o) (std::exception::~exception())
d:/devkitpro/devkitarm/bin/../lib/gcc/arm-none-eabi/11.1.0/../../../../arm-none-eabi/lib\libstdc++.a(eh_terminate.o)
                              d:/devkitpro/devkitarm/bin/../lib/gcc/arm-none-eabi/11.1.0/../../../../arm-none-eabi/lib\libstdc++.a(eh_alloc.o) (std::terminate())
d:/devkitpro/devkitarm/bin/../lib/gcc/arm-none-eabi/11.1.0/../../../../arm-none-eabi/lib\libstdc++.a(eh_throw.o)
[...]
Memory Configuration

Name             Origin             Length             Attributes
ewram            0x0000000002000000 0x0000000000380000
dtcm             0x0000000002ff0000 0x0000000000004000
vectors          0x0000000001000000 0x0000000000000100
itcm             0x0000000001000100 0x0000000000007f00
*default*        0x0000000000000000 0xffffffffffffffff

Linker script and memory map

                0x0000000002380000                __ewram_end = (ORIGIN (ewram) + LENGTH (ewram))
                0x0000000002380000                __eheap_end = (ORIGIN (ewram) + LENGTH (ewram))
                0x0000000002ff4000                __dtcm_top = (ORIGIN (dtcm) + LENGTH (dtcm))
                0x0000000002ff3ff8                __irq_flags = (__dtcm_top - 0x8)
                0x0000000002ff3ffc                __irq_vector = (__dtcm_top - 0x4)
                0x0000000002ff3f00                __sp_svc = (__dtcm_top - 0x100)
                0x0000000002ff3e00                __sp_irq = (__sp_svc - 0x100)
                0x0000000002ff3d00                __sp_usr = (__sp_irq - 0x100)

.secure         0x0000000002000000      0x800
 *(.secure)
 .secure        0x0000000002000000      0x800 D:/devkitPro/libnds/lib\libnds9.a(securearea.o)
                0x0000000002000000                __secure_area__

.crt0           0x0000000002000800      0x300
                0x0000000002000800                __text_start = .
 *(.crt0)
 .crt0          0x0000000002000800      0x300 d:/devkitpro/devkitarm/bin/../lib/gcc/arm-none-eabi/11.1.0/../../../../arm-none-eabi/lib/ds_arm9_crt0.o
                0x0000000002000800                _start
                0x0000000002000b00                . = ALIGN (0x4)

.plt
 *(.plt)

.init           0x0000000002000b00       0x18
 *(SORT_NONE(.init))
 .init          0x0000000002000b00        0xc d:/devkitpro/devkitarm/bin/../lib/gcc/arm-none-eabi/11.1.0/crti.o
                0x0000000002000b00                _init
 .init          0x0000000002000b0c        0xc d:/devkitpro/devkitarm/bin/../lib/gcc/arm-none-eabi/11.1.0/crtn.o

.text           0x0000000002000b18     0x76b0
 *(EXCLUDE_FILE(*.twl* *.vectors* *.itcm*) .text)
 .text          0x0000000002000b18      0x424 d:/devkitpro/devkitarm/bin/../lib/gcc/arm-none-eabi/11.1.0\libgcc.a(_arm_addsubdf3.o)
                0x0000000002000b18                __aeabi_drsub
                0x0000000002000b20                __aeabi_dsub
                0x0000000002000b20                __subdf3
                0x0000000002000b24                __aeabi_dadd
                0x0000000002000b24                __adddf3
                0x0000000002000e34                __floatunsidf
                0x0000000002000e34                __aeabi_ui2d
                0x0000000002000e58                __floatsidf
                0x0000000002000e58                __aeabi_i2d
                0x0000000002000e80                __aeabi_f2d
                0x0000000002000e80                __extendsfdf2
                0x0000000002000ec8                __floatundidf
                0x0000000002000ec8                __aeabi_ul2d
                0x0000000002000edc                __floatdidf
                0x0000000002000edc                __aeabi_l2d
 .text          0x0000000002000f3c       0x5c d:/devkitpro/devkitarm/bin/../lib/gcc/arm-none-eabi/11.1.0\libgcc.a(_arm_fixdfsi.o)
                0x0000000002000f3c                __aeabi_d2iz
                0x0000000002000f3c                __fixdfsi
 .text          0x0000000002000f98      0x2ac d:/devkitpro/devkitarm/bin/../lib/gcc/arm-none-eabi/11.1.0\libgcc.a(_arm_addsubsf3.o)
                0x0000000002000f98                __aeabi_frsub
                0x0000000002000fa0                __subsf3
                0x0000000002000fa0                __aeabi_fsub
                0x0000000002000fa4                __aeabi_fadd
                0x0000000002000fa4                __addsf3
                0x0000000002001160                __aeabi_ui2f
                0x0000000002001160                __floatunsisf
                0x0000000002001168                __aeabi_i2f
                0x0000000002001168                __floatsisf
                0x0000000002001188                __aeabi_ul2f
                0x0000000002001188                __floatundisf
                0x0000000002001198                __aeabi_l2f
                0x0000000002001198                __floatdisf
 .text          0x0000000002001244       0x5c d:/devkitpro/devkitarm/bin/../lib/gcc/arm-none-eabi/11.1.0\libgcc.a(_arm_fixsfsi.o)
                0x0000000002001244                __aeabi_f2iz
                0x0000000002001244                __fixsfsi
 .text          0x00000000020012a0      0x1b0 d:/devkitpro/devkitarm/bin/../lib/gcc/arm-none-eabi/11.1.0\libgcc.a(libunwind.o)
                0x00000000020012a0                __restore_core_regs
                0x00000000020012a0                restore_core_regs
                0x00000000020012bc                __gnu_Unwind_Restore_VFP
                0x00000000020012c4                __gnu_Unwind_Save_VFP
                0x00000000020012cc                __gnu_Unwind_Restore_VFP_D
                0x00000000020012d4                __gnu_Unwind_Save_VFP_D
                0x00000000020012dc                __gnu_Unwind_Restore_VFP_D_16_to_31
                0x00000000020012e4                __gnu_Unwind_Save_VFP_D_16_to_31
                0x00000000020012ec                __gnu_Unwind_Restore_WMMXD
                0x0000000002001330                __gnu_Unwind_Save_WMMXD
                0x0000000002001374                __gnu_Unwind_Restore_WMMXC
                0x0000000002001388                __gnu_Unwind_Save_WMMXC
                0x000000000200139c                ___Unwind_RaiseException
                0x000000000200139c                _Unwind_RaiseException
                0x00000000020013c0                _Unwind_Resume
                0x00000000020013c0                ___Unwind_Resume
                0x00000000020013e4                _Unwind_Resume_or_Rethrow
                0x00000000020013e4                ___Unwind_Resume_or_Rethrow
                0x0000000002001408                _Unwind_ForcedUnwind
                0x0000000002001408                ___Unwind_ForcedUnwind
                0x000000000200142c                ___Unwind_Backtrace
                0x000000000200142c                _Unwind_Backtrace
 .text          0x0000000002001450      0x224 d:/devkitpro/devkitarm/bin/../lib/gcc/arm-none-eabi/11.1.0/../../../../arm-none-eabi/lib\libg.a(lib_a-strcmp.o)
                0x0000000002001450                strcmp
 *(EXCLUDE_FILE(*.twl* *.vectors* *.itcm*) .stub)
 *(EXCLUDE_FILE(*.twl* *.vectors* *.itcm*) .text.*)
 .text.__do_global_dtors_aux
                0x0000000002001674       0x40 d:/devkitpro/devkitarm/bin/../lib/gcc/arm-none-eabi/11.1.0/crtbegin.o
 .text.frame_dummy
                0x00000000020016b4       0x30 d:/devkitpro/devkitarm/bin/../lib/gcc/arm-none-eabi/11.1.0/crtbegin.o
 .text.startup  0x00000000020016e4      0x3d4 main.o
                0x00000000020016e4                main
 .text.SetOrtho
                0x0000000002001ab8      0x184 D:/devkitPro/libnds/lib\libnds9.a(gl2d.o)
                0x0000000002001ab8                SetOrtho
 .text.glScreen2D
                0x0000000002001c3c      0x540 D:/devkitPro/libnds/lib\libnds9.a(gl2d.o)
                0x0000000002001c3c                glScreen2D
 .text.glBegin2D
                0x000000000200217c       0x84 D:/devkitPro/libnds/lib\libnds9.a(gl2d.o)
                0x000000000200217c                glBegin2D
 .text.glEnd2D  0x0000000002002200       0x1c D:/devkitPro/libnds/lib\libnds9.a(gl2d.o)
                0x0000000002002200                glEnd2D
 .text.glBoxFilled
                0x000000000200221c       0x9c D:/devkitPro/libnds/lib\libnds9.a(gl2d.o)
                0x000000000200221c                glBoxFilled
 .text.tanLerp  0x00000000020022b8       0xa4 D:/devkitPro/libnds/lib\libnds9.a(trig.o)
                0x00000000020022b8                tanLerp
 .text.glMaterialf
                0x000000000200235c       0x7c D:/devkitPro/libnds/lib\libnds9.a(videoGL.o)
                0x000000000200235c                glMaterialf
 .text.vramBlock_init
                0x00000000020023d8       0x5c D:/devkitPro/libnds/lib\libnds9.a(videoGL.o)
                0x00000000020023d8                vramBlock_init
 .text.glInit_C
                0x0000000002002434      0x1cc D:/devkitPro/libnds/lib\libnds9.a(videoGL.o)
                0x0000000002002434                glInit_C
 .text.glBindTexture
                0x0000000002002600       0x60 D:/devkitPro/libnds/lib\libnds9.a(videoGL.o)
                0x0000000002002600                glBindTexture
 .text.scanKeys
                0x0000000002002660       0x8c D:/devkitPro/libnds/lib\libnds9.a(keys.o)
                0x0000000002002660                scanKeys
 .text.keysHeld
                0x00000000020026ec        0xc D:/devkitPro/libnds/lib\libnds9.a(keys.o)
                0x00000000020026ec                keysHeld
 .text.keysDown
                0x00000000020026f8       0x14 D:/devkitPro/libnds/lib\libnds9.a(keys.o)
                0x00000000020026f8                keysDown
 .text.initSystem
                0x000000000200270c      0x198 D:/devkitPro/libnds/lib\libnds9.a(initSystem.o)
                0x000000000200270c                initSystem
 .text.__libnds_gtod
                0x00000000020028a4       0x28 D:/devkitPro/libnds/lib\libnds9.a(timeSupport.o)
                0x00000000020028a4                __libnds_gtod
 .text.irqDummy
                0x00000000020028cc        0x4 D:/devkitPro/libnds/lib\libnds9.a(interrupts.o)
                0x00000000020028cc                irqDummy
 .text.irqSet   0x00000000020028d0       0x6c D:/devkitPro/libnds/lib\libnds9.a(interrupts.o)
                0x00000000020028d0                irqSet
 .text.irqInit  0x000000000200293c       0x50 D:/devkitPro/libnds/lib\libnds9.a(interrupts.o)
                0x000000000200293c                irqInit
 .text.irqEnable
                0x000000000200298c       0x64 D:/devkitPro/libnds/lib\libnds9.a(interrupts.o)
                0x000000000200298c                irqEnable
 .text.systemErrorExit
                0x00000000020029f0        0x4 D:/devkitPro/libnds/lib\libnds9.a(libnds_exit.arm.o)
                0x00000000020029f0                systemErrorExit
 .text.__libnds_exit
                0x00000000020029f4       0x5c D:/devkitPro/libnds/lib\libnds9.a(libnds_exit.arm.o)
                0x00000000020029f4                __libnds_exit
 .text.fifo_queueBlock
                0x0000000002002a50       0x44 D:/devkitPro/libnds/lib\libnds9.a(fifosystem.o)
 .text.fifo_waitBlock
                0x0000000002002a94       0x80 D:/devkitPro/libnds/lib\libnds9.a(fifosystem.o)
 .text.fifoInternalSend.part.0
                0x0000000002002b14       0xd4 D:/devkitPro/libnds/lib\libnds9.a(fifosystem.o)
 .text.fifoInternalSendInterrupt
                0x0000000002002be8       0xa8 D:/devkitPro/libnds/lib\libnds9.a(fifosystem.o)
 .text.fifoSetValue32Handler
                0x0000000002002c90       0xd8 D:/devkitPro/libnds/lib\libnds9.a(fifosystem.o)
                0x0000000002002c90                fifoSetValue32Handler
 .text.fifoSendValue32
                0x0000000002002d68       0x4c D:/devkitPro/libnds/lib\libnds9.a(fifosystem.o)
                0x0000000002002d68                fifoSendValue32
 .text.fifoGetDatamsg
                0x0000000002002db4       0xf4 D:/devkitPro/libnds/lib\libnds9.a(fifosystem.o)
                0x0000000002002db4                fifoGetDatamsg
 .text.fifoInternalRecvInterrupt
                0x0000000002002ea8      0x380 D:/devkitPro/libnds/lib\libnds9.a(fifosystem.o)
 .text.fifoSetDatamsgHandler
                0x0000000002003228       0x9c D:/devkitPro/libnds/lib\libnds9.a(fifosystem.o)
                0x0000000002003228                fifoSetDatamsgHandler
 .text.fifoInit
                0x00000000020032c4       0xf8 D:/devkitPro/libnds/lib\libnds9.a(fifosystem.o)
                0x00000000020032c4                fifoInit
 .text.__libnds_mpu_setup
                0x00000000020033bc      0x174 D:/devkitPro/libnds/lib\libnds9.a(mpu_setup.o)
                0x00000000020033bc                __libnds_mpu_setup
 .text.memUncached
                0x0000000002003530       0x20 D:/devkitPro/libnds/lib\libnds9.a(mpu_setup.o)
                0x0000000002003530                memUncached
 .text.swiWaitForVBlank
                0x0000000002003550        0x8 D:/devkitPro/libnds/lib\libnds9.a(IntrWait.o)
                0x0000000002003550                swiWaitForVBlank
 .text.swiIntrWait
                0x0000000002003558       0x70 D:/devkitPro/libnds/lib\libnds9.a(IntrWait.o)
                0x0000000002003558                swiIntrWait
 .text.setCpuClock
                0x00000000020035c8       0x50 D:/devkitPro/libnds/lib\libnds9.a(cpu_clock.o)
                0x00000000020035c8                setCpuClock
 .text.swiSoftReset
                0x0000000002003618       0x2c D:/devkitPro/libnds/lib\libnds9.a(swiSoftReset.o)
                0x0000000002003618                swiSoftReset
 .text.swiDelay
                0x0000000002003644        0x4 D:/devkitPro/libnds/lib\libnds9.a(biosCalls.o)
                0x0000000002003644                swiDelay
 .text.DynamicArrayInit
                0x0000000002003648       0x18 D:/devkitPro/libnds/lib\libnds9.a(dynamicArray.o)
                0x0000000002003648                DynamicArrayInit
 .text.DynamicArrayGet
                0x0000000002003660       0x18 D:/devkitPro/libnds/lib\libnds9.a(dynamicArray.o)
                0x0000000002003660                DynamicArrayGet
 .text.DynamicArraySet
                0x0000000002003678       0x48 D:/devkitPro/libnds/lib\libnds9.a(dynamicArray.o)
                0x0000000002003678                DynamicArraySet
 .text.vramDefault
                0x00000000020036c0       0xd0 D:/devkitPro/libnds/lib\libnds9.a(video.o)
                0x00000000020036c0                vramDefault
 .text.systemValueHandler
                0x0000000002003790       0x48 D:/devkitPro/libnds/lib\libnds9.a(system.o)
                0x0000000002003790                systemValueHandler
 .text.systemMsgHandler
                0x00000000020037d8       0x60 D:/devkitPro/libnds/lib\libnds9.a(system.o)
                0x00000000020037d8                systemMsgHandler
 .text.powerOn  0x0000000002003838       0x2c D:/devkitPro/libnds/lib\libnds9.a(system.o)
                0x0000000002003838                powerOn
 .text._Znaj    0x0000000002003864       0x10 d:/devkitpro/devkitarm/bin/../lib/gcc/arm-none-eabi/11.1.0/../../../../arm-none-eabi/lib\libstdc++.a(new_opv.o)
                0x0000000002003864                operator new[](unsigned int)
 .text._Znwj    0x0000000002003874       0x68 d:/devkitpro/devkitarm/bin/../lib/gcc/arm-none-eabi/11.1.0/../../../../arm-none-eabi/lib\libstdc++.a(new_op.o)
                0x0000000002003874                operator new(unsigned int)
 .text._ZNKSt9bad_alloc4whatEv
                0x00000000020038dc        0xc d:/devkitpro/devkitarm/bin/../lib/gcc/arm-none-eabi/11.1.0/../../../../arm-none-eabi/lib\libstdc++.a(bad_alloc.o)
                0x00000000020038dc                std::bad_alloc::what() const
 .text._ZNSt9bad_allocD2Ev
                0x00000000020038e8       0x24 d:/devkitpro/devkitarm/bin/../lib/gcc/arm-none-eabi/11.1.0/../../../../arm-none-eabi/lib\libstdc++.a(bad_alloc.o)
                0x00000000020038e8                std::bad_alloc::~bad_alloc()
                0x00000000020038e8                std::bad_alloc::~bad_alloc()
 .text._ZNSt9bad_allocD0Ev
                0x000000000200390c       0x30 d:/devkitpro/devkitarm/bin/../lib/gcc/arm-none-eabi/11.1.0/../../../../arm-none-eabi/lib\libstdc++.a(bad_alloc.o)
                0x000000000200390c                std::bad_alloc::~bad_alloc()
 .text._ZdlPvj  0x000000000200393c       0x10 d:/devkitpro/devkitarm/bin/../lib/gcc/arm-none-eabi/11.1.0/../../../../arm-none-eabi/lib\libstdc++.a(del_ops.o)
                0x000000000200393c                operator delete(void*, unsigned int)
 .text._ZN12_GLOBAL__N_14pool4freeEPv.constprop.0
                0x000000000200394c       0xdc d:/devkitpro/devkitarm/bin/../lib/gcc/arm-none-eabi/11.1.0/../../../../arm-none-eabi/lib\libstdc++.a(eh_alloc.o)
 .text._ZN12_GLOBAL__N_14pool8allocateEj.constprop.0
                0x0000000002003a28       0x9c d:/devkitpro/devkitarm/bin/../lib/gcc/arm-none-eabi/11.1.0/../../../../arm-none-eabi/lib\libstdc++.a(eh_alloc.o)
 .text.__cxa_allocate_exception
                0x0000000002003ac4       0x48 d:/devkitpro/devkitarm/bin/../lib/gcc/arm-none-eabi/11.1.0/../../../../arm-none-eabi/lib\libstdc++.a(eh_alloc.o)
                0x0000000002003ac4                __cxa_allocate_exception
 .text.__cxa_free_exception
                0x0000000002003b0c       0x38 d:/devkitpro/devkitarm/bin/../lib/gcc/arm-none-eabi/11.1.0/../../../../arm-none-eabi/lib\libstdc++.a(eh_alloc.o)
                0x0000000002003b0c                __cxa_free_exception
 .text.startup._GLOBAL__sub_I__ZN9__gnu_cxx9__freeresEv
                0x0000000002003b44       0x44 d:/devkitpro/devkitarm/bin/../lib/gcc/arm-none-eabi/11.1.0/../../../../arm-none-eabi/lib\libstdc++.a(eh_alloc.o)
 .text._ZNSt9exceptionD2Ev
                0x0000000002003b88        0x4 d:/devkitpro/devkitarm/bin/../lib/gcc/arm-none-eabi/11.1.0/../../../../arm-none-eabi/lib\libstdc++.a(eh_exception.o)
                0x0000000002003b88                std::exception::~exception()
                0x0000000002003b88                std::exception::~exception()
 .text._ZNSt13bad_exceptionD2Ev
                0x0000000002003b8c        0x4 d:/devkitpro/devkitarm/bin/../lib/gcc/arm-none-eabi/11.1.0/../../../../arm-none-eabi/lib\libstdc++.a(eh_exception.o)
                0x0000000002003b8c                std::bad_exception::~bad_exception()
                0x0000000002003b8c                std::bad_exception::~bad_exception()
 .text._ZNKSt13bad_exception4whatEv
                0x0000000002003b90        0xc d:/devkitpro/devkitarm/bin/../lib/gcc/arm-none-eabi/11.1.0/../../../../arm-none-eabi/lib\libstdc++.a(eh_exception.o)
                0x0000000002003b90                std::bad_exception::what() const
                0x0000000002003b90                transaction clone for std::bad_exception::what() const
 .text._ZNSt13bad_exceptionD0Ev
                0x0000000002003b9c       0x1c d:/devkitpro/devkitarm/bin/../lib/gcc/arm-none-eabi/11.1.0/../../../../arm-none-eabi/lib\libstdc++.a(eh_exception.o)
                0x0000000002003b9c                std::bad_exception::~bad_exception()
 .text._ZN10__cxxabiv111__terminateEPFvvE
                0x0000000002003bb8       0x18 d:/devkitpro/devkitarm/bin/../lib/gcc/arm-none-eabi/11.1.0/../../../../arm-none-eabi/lib\libstdc++.a(eh_terminate.o)
                0x0000000002003bb8                __cxxabiv1::__terminate(void (*)())
 .text._ZSt9terminatev
                0x0000000002003bd0       0x14 d:/devkitpro/devkitarm/bin/../lib/gcc/arm-none-eabi/11.1.0/../../../../arm-none-eabi/lib\libstdc++.a(eh_terminate.o)
                0x0000000002003bd0                std::terminate()
 .text._ZN10__cxxabiv112__unexpectedEPFvvE
                0x0000000002003be4       0x10 d:/devkitpro/devkitarm/bin/../lib/gcc/arm-none-eabi/11.1.0/../../../../arm-none-eabi/lib\libstdc++.a(eh_terminate.o)
                0x0000000002003be4                __cxxabiv1::__unexpected(void (*)())
 .text._ZSt10unexpectedv
                0x0000000002003bf4       0x14 d:/devkitpro/devkitarm/bin/../lib/gcc/arm-none-eabi/11.1.0/../../../../arm-none-eabi/lib\libstdc++.a(eh_terminate.o)
                0x0000000002003bf4                std::unexpected()
 .text._ZSt13get_terminatev
                0x0000000002003c08       0x10 d:/devkitpro/devkitarm/bin/../lib/gcc/arm-none-eabi/11.1.0/../../../../arm-none-eabi/lib\libstdc++.a(eh_terminate.o)
                0x0000000002003c08                std::get_terminate()
 .text._ZSt14get_unexpectedv
                0x0000000002003c18       0x10 d:/devkitpro/devkitarm/bin/../lib/gcc/arm-none-eabi/11.1.0/../../../../arm-none-eabi/lib\libstdc++.a(eh_terminate.o)
                0x0000000002003c18                std::get_unexpected()
 .text._ZL23__gxx_exception_cleanup19_Unwind_Reason_CodeP21_Unwind_Control_Block
                0x0000000002003c28       0x58 d:/devkitpro/devkitarm/bin/../lib/gcc/arm-none-eabi/11.1.0/../../../../arm-none-eabi/lib\libstdc++.a(eh_throw.o)
 .text.__cxa_init_primary_exception
                0x0000000002003c80       0x74 d:/devkitpro/devkitarm/bin/../lib/gcc/arm-none-eabi/11.1.0/../../../../arm-none-eabi/lib\libstdc++.a(eh_throw.o)
                0x0000000002003c80                __cxa_init_primary_exception
 .text.__cxa_throw
                0x0000000002003cf4       0x54 d:/devkitpro/devkitarm/bin/../lib/gcc/arm-none-eabi/11.1.0/../../../../arm-none-eabi/lib\libstdc++.a(eh_throw.o)
                0x0000000002003cf4                __cxa_throw
 .text.__cxa_rethrow
                0x0000000002003d48       0xb0 d:/devkitpro/devkitarm/bin/../lib/gcc/arm-none-eabi/11.1.0/../../../../arm-none-eabi/lib\libstdc++.a(eh_throw.o)
                0x0000000002003d48                __cxa_rethrow
 .text._ZSt15get_new_handlerv
                0x0000000002003df8       0x10 d:/devkitpro/devkitarm/bin/../lib/gcc/arm-none-eabi/11.1.0/../../../../arm-none-eabi/lib\libstdc++.a(new_handler.o)
                0x0000000002003df8                std::get_new_handler()
 .text._ZN10__cxxabiv120__si_class_type_infoD2Ev
                0x0000000002003e08       0x24 d:/devkitpro/devkitarm/bin/../lib/gcc/arm-none-eabi/11.1.0/../../../../arm-none-eabi/lib\libstdc++.a(si_class_type_info.o)
                0x0000000002003e08                __cxxabiv1::__si_class_type_info::~__si_class_type_info()
                0x0000000002003e08                __cxxabiv1::__si_class_type_info::~__si_class_type_info()
 .text._ZN10__cxxabiv120__si_class_type_infoD0Ev
                0x0000000002003e2c       0x30 d:/devkitpro/devkitarm/bin/../lib/gcc/arm-none-eabi/11.1.0/../../../../arm-none-eabi/lib\libstdc++.a(si_class_type_info.o)
                0x0000000002003e2c                __cxxabiv1::__si_class_type_info::~__si_class_type_info()
 .text._ZNK10__cxxabiv120__si_class_type_info20__do_find_public_srcEiPKvPKNS_17__class_type_infoES2_
                0x0000000002003e5c       0x70 d:/devkitpro/devkitarm/bin/../lib/gcc/arm-none-eabi/11.1.0/../../../../arm-none-eabi/lib\libstdc++.a(si_class_type_info.o)
                0x0000000002003e5c                __cxxabiv1::__si_class_type_info::__do_find_public_src(int, void const*, __cxxabiv1::__class_type_info const*, void const*) const
 .text._ZNK10__cxxabiv120__si_class_type_info12__do_dyncastEiNS_17__class_type_info10__sub_kindEPKS1_PKvS4_S6_RNS1_16__dyncast_resultE
                0x0000000002003ecc       0xe4 d:/devkitpro/devkitarm/bin/../lib/gcc/arm-none-eabi/11.1.0/../../../../arm-none-eabi/lib\libstdc++.a(si_class_type_info.o)
                0x0000000002003ecc                __cxxabiv1::__si_class_type_info::__do_dyncast(int, __cxxabiv1::__class_type_info::__sub_kind, __cxxabiv1::__class_type_info const*, void const*, __cxxabiv1::__class_type_info const*, void const*, __cxxabiv1::__class_type_info::__dyncast_result&) const
 .text._ZNK10__cxxabiv120__si_class_type_info11__do_upcastEPKNS_17__class_type_infoEPKvRNS1_15__upcast_resultE
                0x0000000002003fb0       0x4c d:/devkitpro/devkitarm/bin/../lib/gcc/arm-none-eabi/11.1.0/../../../../arm-none-eabi/lib\libstdc++.a(si_class_type_info.o)
                0x0000000002003fb0                __cxxabiv1::__si_class_type_info::__do_upcast(__cxxabiv1::__class_type_info const*, void const*, __cxxabiv1::__class_type_info::__upcast_result&) const
 .text._ZNSt9type_infoD2Ev
                0x0000000002003ffc        0x4 d:/devkitpro/devkitarm/bin/../lib/gcc/arm-none-eabi/11.1.0/../../../../arm-none-eabi/lib\libstdc++.a(tinfo.o)
                0x0000000002003ffc                std::type_info::~type_info()
                0x0000000002003ffc                std::type_info::~type_info()
 .text._ZNKSt9type_info14__is_pointer_pEv
                0x0000000002004000        0x8 d:/devkitpro/devkitarm/bin/../lib/gcc/arm-none-eabi/11.1.0/../../../../arm-none-eabi/lib\libstdc++.a(tinfo.o)
                0x0000000002004000                std::type_info::__is_pointer_p() const
                0x0000000002004000                std::type_info::__is_function_p() const
 .text._ZNKSt9type_infoeqERKS_
                0x0000000002004008       0x50 d:/devkitpro/devkitarm/bin/../lib/gcc/arm-none-eabi/11.1.0/../../../../arm-none-eabi/lib\libstdc++.a(tinfo.o)
                0x0000000002004008                std::type_info::operator==(std::type_info const&) const
 .text._ZNK10__cxxabiv117__class_type_info11__do_upcastEPKS0_PPv
                0x0000000002004058       0x64 d:/devkitpro/devkitarm/bin/../lib/gcc/arm-none-eabi/11.1.0/../../../../arm-none-eabi/lib\libstdc++.a(class_type_info.o)
                0x0000000002004058                __cxxabiv1::__class_type_info::__do_upcast(__cxxabiv1::__class_type_info const*, void**) const
 .text._ZNK10__cxxabiv117__class_type_info20__do_find_public_srcEiPKvPKS0_S2_
                0x00000000020040bc       0x14 d:/devkitpro/devkitarm/bin/../lib/gcc/arm-none-eabi/11.1.0/../../../../arm-none-eabi/lib\libstdc++.a(class_type_info.o)
                0x00000000020040bc                __cxxabiv1::__class_type_info::__do_find_public_src(int, void const*, __cxxabiv1::__class_type_info const*, void const*) const
 .text._ZN10__cxxabiv117__class_type_infoD2Ev
                0x00000000020040d0       0x24 d:/devkitpro/devkitarm/bin/../lib/gcc/arm-none-eabi/11.1.0/../../../../arm-none-eabi/lib\libstdc++.a(class_type_info.o)
                0x00000000020040d0                __cxxabiv1::__class_type_info::~__class_type_info()
                0x00000000020040d0                __cxxabiv1::__class_type_info::~__class_type_info()
 .text._ZN10__cxxabiv117__class_type_infoD0Ev
                0x00000000020040f4       0x30 d:/devkitpro/devkitarm/bin/../lib/gcc/arm-none-eabi/11.1.0/../../../../arm-none-eabi/lib\libstdc++.a(class_type_info.o)
                0x00000000020040f4                __cxxabiv1::__class_type_info::~__class_type_info()
 .text._ZNK10__cxxabiv117__class_type_info12__do_dyncastEiNS0_10__sub_kindEPKS0_PKvS3_S5_RNS0_16__dyncast_resultE
                0x0000000002004124       0x70 d:/devkitpro/devkitarm/bin/../lib/gcc/arm-none-eabi/11.1.0/../../../../arm-none-eabi/lib\libstdc++.a(class_type_info.o)
                0x0000000002004124                __cxxabiv1::__class_type_info::__do_dyncast(int, __cxxabiv1::__class_type_info::__sub_kind, __cxxabiv1::__class_type_info const*, void const*, __cxxabiv1::__class_type_info const*, void const*, __cxxabiv1::__class_type_info::__dyncast_result&) const
 .text._ZNK10__cxxabiv117__class_type_info11__do_upcastEPKS0_PKvRNS0_15__upcast_resultE
                0x0000000002004194       0x30 d:/devkitpro/devkitarm/bin/../lib/gcc/arm-none-eabi/11.1.0/../../../../arm-none-eabi/lib\libstdc++.a(class_type_info.o)
                0x0000000002004194                __cxxabiv1::__class_type_info::__do_upcast(__cxxabiv1::__class_type_info const*, void const*, __cxxabiv1::__class_type_info::__upcast_result&) const
 .text._ZNK10__cxxabiv117__class_type_info10__do_catchEPKSt9type_infoPPvj
                0x00000000020041c4       0x4c d:/devkitpro/devkitarm/bin/../lib/gcc/arm-none-eabi/11.1.0/../../../../arm-none-eabi/lib\libstdc++.a(class_type_info.o)
                0x00000000020041c4                __cxxabiv1::__class_type_info::__do_catch(std::type_info const*, void**, unsigned int) const
 .text._ZdlPv   0x0000000002004210       0x10 d:/devkitpro/devkitarm/bin/../lib/gcc/arm-none-eabi/11.1.0/../../../../arm-none-eabi/lib\libstdc++.a(del_op.o)
                0x0000000002004210                operator delete(void*)
 .text.__cxa_begin_catch
                0x0000000002004220       0xd4 d:/devkitpro/devkitarm/bin/../lib/gcc/arm-none-eabi/11.1.0/../../../../arm-none-eabi/lib\libstdc++.a(eh_catch.o)
                0x0000000002004220                __cxa_begin_catch
 .text.__cxa_end_catch
                0x00000000020042f4       0xe0 d:/devkitpro/devkitarm/bin/../lib/gcc/arm-none-eabi/11.1.0/../../../../arm-none-eabi/lib\libstdc++.a(eh_catch.o)
                0x00000000020042f4                __cxa_end_catch
 .text.__cxa_get_globals_fast
                0x00000000020043d4        0xc d:/devkitpro/devkitarm/bin/../lib/gcc/arm-none-eabi/11.1.0/../../../../arm-none-eabi/lib\libstdc++.a(eh_globals.o)
                0x00000000020043d4                __cxa_get_globals_fast
 .text.__cxa_get_globals
                0x00000000020043e0        0xc d:/devkitpro/devkitarm/bin/../lib/gcc/arm-none-eabi/11.1.0/../../../../arm-none-eabi/lib\libstdc++.a(eh_globals.o)
                0x00000000020043e0                __cxa_get_globals
 .text._ZL28read_encoded_value_with_basehjPKhPj
                0x00000000020043ec      0x174 d:/devkitpro/devkitarm/bin/../lib/gcc/arm-none-eabi/11.1.0/../../../../arm-none-eabi/lib\libstdc++.a(eh_personality.o)
 .text._ZL21base_of_encoded_valuehP15_Unwind_Context
                0x0000000002004560       0x80 d:/devkitpro/devkitarm/bin/../lib/gcc/arm-none-eabi/11.1.0/../../../../arm-none-eabi/lib\libstdc++.a(eh_personality.o)
 .text._ZL17parse_lsda_headerP15_Unwind_ContextPKhP16lsda_header_info
                0x00000000020045e0       0xd8 d:/devkitpro/devkitarm/bin/../lib/gcc/arm-none-eabi/11.1.0/../../../../arm-none-eabi/lib\libstdc++.a(eh_personality.o)
 .text.__gxx_personality_v0
                0x00000000020046b8      0x6fc d:/devkitpro/devkitarm/bin/../lib/gcc/arm-none-eabi/11.1.0/../../../../arm-none-eabi/lib\libstdc++.a(eh_personality.o)
                0x00000000020046b8                __gxx_personality_v0
 .text.__cxa_end_cleanup
                0x0000000002004db4       0x10 d:/devkitpro/devkitarm/bin/../lib/gcc/arm-none-eabi/11.1.0/../../../../arm-none-eabi/lib\libstdc++.a(eh_arm.o)
                0x0000000002004db4                __cxa_end_cleanup
 .text.__cxa_type_match
                0x0000000002004dc4      0x140 d:/devkitpro/devkitarm/bin/../lib/gcc/arm-none-eabi/11.1.0/../../../../arm-none-eabi/lib\libstdc++.a(eh_arm.o)
                0x0000000002004dc4                __cxa_type_match
 .text.__cxa_begin_cleanup
                0x0000000002004f04       0xbc d:/devkitpro/devkitarm/bin/../lib/gcc/arm-none-eabi/11.1.0/../../../../arm-none-eabi/lib\libstdc++.a(eh_arm.o)
                0x0000000002004f04                __cxa_begin_cleanup
 .text.__gnu_end_cleanup
                0x0000000002004fc0       0xbc d:/devkitpro/devkitarm/bin/../lib/gcc/arm-none-eabi/11.1.0/../../../../arm-none-eabi/lib\libstdc++.a(eh_arm.o)
                0x0000000002004fc0                __gnu_end_cleanup
 .text._ZN10__cxxabiv1L24__is_gxx_exception_classEPc
                0x000000000200507c       0x70 d:/devkitpro/devkitarm/bin/../lib/gcc/arm-none-eabi/11.1.0/../../../../arm-none-eabi/lib\libstdc++.a(eh_call.o)
 .text.__cxa_call_terminate
                0x00000000020050ec       0x2c d:/devkitpro/devkitarm/bin/../lib/gcc/arm-none-eabi/11.1.0/../../../../arm-none-eabi/lib\libstdc++.a(eh_call.o)
                0x00000000020050ec                __cxa_call_terminate
 .text.unlikely.__cxa_call_unexpected
                0x0000000002005118      0x14c d:/devkitpro/devkitarm/bin/../lib/gcc/arm-none-eabi/11.1.0/../../../../arm-none-eabi/lib\libstdc++.a(eh_call.o)
                0x0000000002005118                __cxa_call_unexpected
 .text.__muldi3
                0x0000000002005264       0x18 d:/devkitpro/devkitarm/bin/../lib/gcc/arm-none-eabi/11.1.0\libgcc.a(_muldi3.o)
                0x0000000002005264                __muldi3
                0x0000000002005264                __aeabi_lmul
 .text.selfrel_offset31
                0x000000000200527c       0x18 d:/devkitpro/devkitarm/bin/../lib/gcc/arm-none-eabi/11.1.0\libgcc.a(unwind-arm.o)
 .text.search_EIT_table
                0x0000000002005294       0x98 d:/devkitpro/devkitarm/bin/../lib/gcc/arm-none-eabi/11.1.0\libgcc.a(unwind-arm.o)
 .text.__gnu_unwind_get_pr_addr
                0x000000000200532c       0x40 d:/devkitpro/devkitarm/bin/../lib/gcc/arm-none-eabi/11.1.0\libgcc.a(unwind-arm.o)
 .text.get_eit_entry
                0x000000000200536c      0x114 d:/devkitpro/devkitarm/bin/../lib/gcc/arm-none-eabi/11.1.0\libgcc.a(unwind-arm.o)
 .text.restore_non_core_regs
                0x0000000002005480       0x90 d:/devkitpro/devkitarm/bin/../lib/gcc/arm-none-eabi/11.1.0\libgcc.a(unwind-arm.o)
 .text._Unwind_decode_typeinfo_ptr.constprop.0
                0x0000000002005510       0x14 d:/devkitpro/devkitarm/bin/../lib/gcc/arm-none-eabi/11.1.0\libgcc.a(unwind-arm.o)
 .text._Unwind_DebugHook
                0x0000000002005524        0x4 d:/devkitpro/devkitarm/bin/../lib/gcc/arm-none-eabi/11.1.0\libgcc.a(unwind-arm.o)
 .text.unwind_phase2
                0x0000000002005528       0x68 d:/devkitpro/devkitarm/bin/../lib/gcc/arm-none-eabi/11.1.0\libgcc.a(unwind-arm.o)
 .text.unwind_phase2_forced
                0x0000000002005590      0x144 d:/devkitpro/devkitarm/bin/../lib/gcc/arm-none-eabi/11.1.0\libgcc.a(unwind-arm.o)
 .text.__gnu_Unwind_RaiseException
                0x00000000020056d4       0xac d:/devkitpro/devkitarm/bin/../lib/gcc/arm-none-eabi/11.1.0\libgcc.a(unwind-arm.o)
                0x00000000020056d4                __gnu_Unwind_RaiseException
 .text.__gnu_Unwind_ForcedUnwind
                0x0000000002005780       0x28 d:/devkitpro/devkitarm/bin/../lib/gcc/arm-none-eabi/11.1.0\libgcc.a(unwind-arm.o)
                0x0000000002005780                __gnu_Unwind_ForcedUnwind
 .text.__gnu_Unwind_Resume
                0x00000000020057a8       0x78 d:/devkitpro/devkitarm/bin/../lib/gcc/arm-none-eabi/11.1.0\libgcc.a(unwind-arm.o)
                0x00000000020057a8                __gnu_Unwind_Resume
 .text.__gnu_Unwind_Resume_or_Rethrow
                0x0000000002005820       0x1c d:/devkitpro/devkitarm/bin/../lib/gcc/arm-none-eabi/11.1.0\libgcc.a(unwind-arm.o)
                0x0000000002005820                __gnu_Unwind_Resume_or_Rethrow
 .text._Unwind_Complete
                0x000000000200583c        0x4 d:/devkitpro/devkitarm/bin/../lib/gcc/arm-none-eabi/11.1.0\libgcc.a(unwind-arm.o)
                0x000000000200583c                _Unwind_Complete
 .text._Unwind_DeleteException
                0x0000000002005840       0x18 d:/devkitpro/devkitarm/bin/../lib/gcc/arm-none-eabi/11.1.0\libgcc.a(unwind-arm.o)
                0x0000000002005840                _Unwind_DeleteException
 .text._Unwind_VRS_Get
                0x0000000002005858       0x5c d:/devkitpro/devkitarm/bin/../lib/gcc/arm-none-eabi/11.1.0\libgcc.a(unwind-arm.o)
                0x0000000002005858                _Unwind_VRS_Get
 .text._Unwind_GetGR
                0x00000000020058b4       0x30 d:/devkitpro/devkitarm/bin/../lib/gcc/arm-none-eabi/11.1.0\libgcc.a(unwind-arm.o)
 .text._Unwind_VRS_Set
                0x00000000020058e4       0x5c d:/devkitpro/devkitarm/bin/../lib/gcc/arm-none-eabi/11.1.0\libgcc.a(unwind-arm.o)
                0x00000000020058e4                _Unwind_VRS_Set
 .text._Unwind_SetGR
                0x0000000002005940       0x30 d:/devkitpro/devkitarm/bin/../lib/gcc/arm-none-eabi/11.1.0\libgcc.a(unwind-arm.o)
 .text.__gnu_Unwind_Backtrace
                0x0000000002005970       0xcc d:/devkitpro/devkitarm/bin/../lib/gcc/arm-none-eabi/11.1.0\libgcc.a(unwind-arm.o)
                0x0000000002005970                __gnu_Unwind_Backtrace
 .text.__gnu_unwind_pr_common
                0x0000000002005a3c      0x428 d:/devkitpro/devkitarm/bin/../lib/gcc/arm-none-eabi/11.1.0\libgcc.a(unwind-arm.o)
 .text.__aeabi_unwind_cpp_pr0
                0x0000000002005e64        0x8 d:/devkitpro/devkitarm/bin/../lib/gcc/arm-none-eabi/11.1.0\libgcc.a(unwind-arm.o)
                0x0000000002005e64                __aeabi_unwind_cpp_pr0
 .text.__aeabi_unwind_cpp_pr1
                0x0000000002005e6c        0x8 d:/devkitpro/devkitarm/bin/../lib/gcc/arm-none-eabi/11.1.0\libgcc.a(unwind-arm.o)
                0x0000000002005e6c                __aeabi_unwind_cpp_pr1
 .text.__aeabi_unwind_cpp_pr2
                0x0000000002005e74        0x8 d:/devkitpro/devkitarm/bin/../lib/gcc/arm-none-eabi/11.1.0\libgcc.a(unwind-arm.o)
                0x0000000002005e74                __aeabi_unwind_cpp_pr2
 .text._Unwind_VRS_Pop
                0x0000000002005e7c      0x410 d:/devkitpro/devkitarm/bin/../lib/gcc/arm-none-eabi/11.1.0\libgcc.a(unwind-arm.o)
                0x0000000002005e7c                _Unwind_VRS_Pop
 .text.next_unwind_byte
                0x000000000200628c       0x60 d:/devkitpro/devkitarm/bin/../lib/gcc/arm-none-eabi/11.1.0\libgcc.a(pr-support.o)
 .text._Unwind_GetGR.constprop.0
                0x00000000020062ec       0x30 d:/devkitpro/devkitarm/bin/../lib/gcc/arm-none-eabi/11.1.0\libgcc.a(pr-support.o)
 .text.unwind_UCB_from_context
                0x000000000200631c        0x4 d:/devkitpro/devkitarm/bin/../lib/gcc/arm-none-eabi/11.1.0\libgcc.a(pr-support.o)
 .text.__gnu_unwind_execute
                0x0000000002006320      0x3fc d:/devkitpro/devkitarm/bin/../lib/gcc/arm-none-eabi/11.1.0\libgcc.a(pr-support.o)
                0x0000000002006320                __gnu_unwind_execute
 .text.__gnu_unwind_frame
                0x000000000200671c       0x4c d:/devkitpro/devkitarm/bin/../lib/gcc/arm-none-eabi/11.1.0\libgcc.a(pr-support.o)
                0x000000000200671c                __gnu_unwind_frame
 .text._Unwind_GetRegionStart
                0x0000000002006768       0x14 d:/devkitpro/devkitarm/bin/../lib/gcc/arm-none-eabi/11.1.0\libgcc.a(pr-support.o)
                0x0000000002006768                _Unwind_GetRegionStart
 .text._Unwind_GetLanguageSpecificData
                0x000000000200677c       0x20 d:/devkitpro/devkitarm/bin/../lib/gcc/arm-none-eabi/11.1.0\libgcc.a(pr-support.o)
                0x000000000200677c                _Unwind_GetLanguageSpecificData
 .text.unlikely._Unwind_GetDataRelBase
                0x000000000200679c        0x8 d:/devkitpro/devkitarm/bin/../lib/gcc/arm-none-eabi/11.1.0\libgcc.a(pr-support.o)
                0x000000000200679c                _Unwind_GetDataRelBase
 .text.unlikely._Unwind_GetTextRelBase
                0x00000000020067a4        0x8 d:/devkitpro/devkitarm/bin/../lib/gcc/arm-none-eabi/11.1.0\libgcc.a(pr-support.o)
                0x00000000020067a4                _Unwind_GetTextRelBase
 .text.abort    0x00000000020067ac       0x14 d:/devkitpro/devkitarm/bin/../lib/gcc/arm-none-eabi/11.1.0/../../../../arm-none-eabi/lib\libg.a(lib_a-abort.o)
                0x00000000020067ac                abort
 .text.calloc   0x00000000020067c0       0x24 d:/devkitpro/devkitarm/bin/../lib/gcc/arm-none-eabi/11.1.0/../../../../arm-none-eabi/lib\libg.a(lib_a-calloc.o)
                0x00000000020067c0                calloc
 .text._calloc_r
                0x00000000020067e4       0xc8 d:/devkitpro/devkitarm/bin/../lib/gcc/arm-none-eabi/11.1.0/../../../../arm-none-eabi/lib\libg.a(lib_a-callocr.o)
                0x00000000020067e4                _calloc_r
 .text.__errno  0x00000000020068ac       0x10 d:/devkitpro/devkitarm/bin/../lib/gcc/arm-none-eabi/11.1.0/../../../../arm-none-eabi/lib\libg.a(lib_a-errno.o)
                0x00000000020068ac                __errno
 .text.__libc_init_array
                0x00000000020068bc       0x88 d:/devkitpro/devkitarm/bin/../lib/gcc/arm-none-eabi/11.1.0/../../../../arm-none-eabi/lib\libg.a(lib_a-init.o)
                0x00000000020068bc                __libc_init_array
 .text.malloc   0x0000000002006944       0x1c d:/devkitpro/devkitarm/bin/../lib/gcc/arm-none-eabi/11.1.0/../../../../arm-none-eabi/lib\libg.a(lib_a-malloc.o)
                0x0000000002006944                malloc
 .text.free     0x0000000002006960       0x1c d:/devkitpro/devkitarm/bin/../lib/gcc/arm-none-eabi/11.1.0/../../../../arm-none-eabi/lib\libg.a(lib_a-malloc.o)
                0x0000000002006960                free
 .text._malloc_r
                0x000000000200697c      0x7f0 d:/devkitpro/devkitarm/bin/../lib/gcc/arm-none-eabi/11.1.0/../../../../arm-none-eabi/lib\libg.a(lib_a-mallocr.o)
                0x000000000200697c                _malloc_r
 .text.memcpy   0x000000000200716c      0x120 d:/devkitpro/devkitarm/bin/../lib/gcc/arm-none-eabi/11.1.0/../../../../arm-none-eabi/lib\libg.a(lib_a-memcpy-stub.o)
                0x000000000200716c                memcpy
 .text.memset   0x000000000200728c      0x11c d:/devkitpro/devkitarm/bin/../lib/gcc/arm-none-eabi/11.1.0/../../../../arm-none-eabi/lib\libg.a(lib_a-memset.o)
                0x000000000200728c                memset
 .text.__malloc_lock
                0x00000000020073a8       0x18 d:/devkitpro/devkitarm/bin/../lib/gcc/arm-none-eabi/11.1.0/../../../../arm-none-eabi/lib\libg.a(lib_a-mlock.o)
                0x00000000020073a8                __malloc_lock
 .text.__malloc_unlock
                0x00000000020073c0       0x18 d:/devkitpro/devkitarm/bin/../lib/gcc/arm-none-eabi/11.1.0/../../../../arm-none-eabi/lib\libg.a(lib_a-mlock.o)
                0x00000000020073c0                __malloc_unlock
 .text.realloc  0x00000000020073d8       0x24 d:/devkitpro/devkitarm/bin/../lib/gcc/arm-none-eabi/11.1.0/../../../../arm-none-eabi/lib\libg.a(lib_a-realloc.o)
                0x00000000020073d8                realloc
 .text._realloc_r
                0x00000000020073fc      0x570 d:/devkitpro/devkitarm/bin/../lib/gcc/arm-none-eabi/11.1.0/../../../../arm-none-eabi/lib\libg.a(lib_a-reallocr.o)
                0x00000000020073fc                _realloc_r
 .text._raise_r
                0x000000000200796c       0x98 d:/devkitpro/devkitarm/bin/../lib/gcc/arm-none-eabi/11.1.0/../../../../arm-none-eabi/lib\libg.a(lib_a-signal.o)
                0x000000000200796c                _raise_r
 .text.raise    0x0000000002007a04       0x18 d:/devkitpro/devkitarm/bin/../lib/gcc/arm-none-eabi/11.1.0/../../../../arm-none-eabi/lib\libg.a(lib_a-signal.o)
                0x0000000002007a04                raise
 .text._malloc_trim_r
                0x0000000002007a1c      0x100 d:/devkitpro/devkitarm/bin/../lib/gcc/arm-none-eabi/11.1.0/../../../../arm-none-eabi/lib\libg.a(lib_a-freer.o)
                0x0000000002007a1c                _malloc_trim_r
 .text._free_r  0x0000000002007b1c      0x2e0 d:/devkitpro/devkitarm/bin/../lib/gcc/arm-none-eabi/11.1.0/../../../../arm-none-eabi/lib\libg.a(lib_a-freer.o)
                0x0000000002007b1c                _free_r
 .text.memmove  0x0000000002007dfc      0x158 d:/devkitpro/devkitarm/bin/../lib/gcc/arm-none-eabi/11.1.0/../../../../arm-none-eabi/lib\libg.a(lib_a-memmove.o)
                0x0000000002007dfc                memmove
 .text._getpid_r
                0x0000000002007f54       0x14 d:/devkitpro/devkitarm/bin/../lib/gcc/arm-none-eabi/11.1.0/../../../../arm-none-eabi/lib\libsysbase.a(getpid.o)
                0x0000000002007f54                _getpid_r
 .text._kill_r  0x0000000002007f68       0x14 d:/devkitpro/devkitarm/bin/../lib/gcc/arm-none-eabi/11.1.0/../../../../arm-none-eabi/lib\libsysbase.a(kill.o)
                0x0000000002007f68                _kill_r
 .text._sbrk_r  0x0000000002007f7c       0x7c d:/devkitpro/devkitarm/bin/../lib/gcc/arm-none-eabi/11.1.0/../../../../arm-none-eabi/lib\libsysbase.a(sbrk.o)
                0x0000000002007f7c                _sbrk_r
 .text._exit    0x0000000002007ff8       0x28 d:/devkitpro/devkitarm/bin/../lib/gcc/arm-none-eabi/11.1.0/../../../../arm-none-eabi/lib\libsysbase.a(_exit.o)
                0x0000000002007ff8                _exit
 .text.build_argv
                0x0000000002008020       0x80 d:/devkitpro/devkitarm/bin/../lib/gcc/arm-none-eabi/11.1.0/../../../../arm-none-eabi/lib\libsysbase.a(build_argv.o)
                0x0000000002008020                build_argv
 .text.__libc_lock_acquire_recursive
                0x00000000020080a0       0x18 d:/devkitpro/devkitarm/bin/../lib/gcc/arm-none-eabi/11.1.0/../../../../arm-none-eabi/lib\libsysbase.a(syscall_support.o)
                0x00000000020080a0                __libc_lock_acquire_recursive
 .text.__libc_lock_release_recursive
                0x00000000020080b8       0x18 d:/devkitpro/devkitarm/bin/../lib/gcc/arm-none-eabi/11.1.0/../../../../arm-none-eabi/lib\libsysbase.a(syscall_support.o)
                0x00000000020080b8                __libc_lock_release_recursive
 .text.__getreent
                0x00000000020080d0       0x24 d:/devkitpro/devkitarm/bin/../lib/gcc/arm-none-eabi/11.1.0/../../../../arm-none-eabi/lib\libsysbase.a(getreent.o)
                0x00000000020080d0                __getreent
 *fill*         0x00000000020080f4        0x4 ff
 .text.__getreent.__stub
                0x00000000020080f8       0xb0 linker stubs
 *(EXCLUDE_FILE(*.twl*) .gnu.warning)
 *(EXCLUDE_FILE(*.twl*) .gnu.linkonce.t*)
 *(.glue_7)
 .glue_7        0x00000000020081c8        0x0 linker stubs
 *(.glue_7t)
 .glue_7t       0x00000000020081c8        0x0 linker stubs
                0x00000000020081c8                . = ALIGN (0x4)

.vfp11_veneer   0x00000000020081c8        0x0
 .vfp11_veneer  0x00000000020081c8        0x0 linker stubs

.v4_bx          0x00000000020081c8        0x0
 .v4_bx         0x00000000020081c8        0x0 linker stubs

.iplt           0x00000000020081c8        0x0
 .iplt          0x00000000020081c8        0x0 d:/devkitpro/devkitarm/bin/../lib/gcc/arm-none-eabi/11.1.0/../../../../arm-none-eabi/lib/ds_arm9_crt0.o

.fini           0x00000000020081c8       0x18
 *(.fini)
 .fini          0x00000000020081c8        0xc d:/devkitpro/devkitarm/bin/../lib/gcc/arm-none-eabi/11.1.0/crti.o
                0x00000000020081c8                _fini
 .fini          0x00000000020081d4        0xc d:/devkitpro/devkitarm/bin/../lib/gcc/arm-none-eabi/11.1.0/crtn.o
                0x00000000020081e0                __text_end = .

.rodata         0x00000000020081e0      0x410
 *(EXCLUDE_FILE(*.twl*) .rodata)
 *all.rodata*(*)
 *(EXCLUDE_FILE(*.twl*) .roda)
 *(EXCLUDE_FILE(*.twl*) .rodata.*)
 .rodata.TAN_LUT
                0x00000000020081e0      0x204 D:/devkitPro/libnds/lib\libnds9.a(trig.o)
                0x00000000020081e0                TAN_LUT
 .rodata.glMaterialf
                0x00000000020083e4       0x44 D:/devkitPro/libnds/lib\libnds9.a(videoGL.o)
 .rodata._ZNKSt9bad_alloc4whatEv.str1.4
                0x0000000002008428        0xf d:/devkitpro/devkitarm/bin/../lib/gcc/arm-none-eabi/11.1.0/../../../../arm-none-eabi/lib\libstdc++.a(bad_alloc.o)
 *fill*         0x0000000002008437        0x1 ff
 .rodata._ZTISt9bad_alloc
                0x0000000002008438        0xc d:/devkitpro/devkitarm/bin/../lib/gcc/arm-none-eabi/11.1.0/../../../../arm-none-eabi/lib\libstdc++.a(bad_alloc.o)
                0x0000000002008438                typeinfo for std::bad_alloc
 .rodata._ZTSSt9bad_alloc
                0x0000000002008444        0xd d:/devkitpro/devkitarm/bin/../lib/gcc/arm-none-eabi/11.1.0/../../../../arm-none-eabi/lib\libstdc++.a(bad_alloc.o)
                0x0000000002008444                typeinfo name for std::bad_alloc
 *fill*         0x0000000002008451        0x3 ff
 .rodata._ZTVSt9bad_alloc
                0x0000000002008454       0x14 d:/devkitpro/devkitarm/bin/../lib/gcc/arm-none-eabi/11.1.0/../../../../arm-none-eabi/lib\libstdc++.a(bad_alloc.o)
                0x0000000002008454                vtable for std::bad_alloc
 .rodata._ZNKSt13bad_exception4whatEv.str1.4
                0x0000000002008468       0x13 d:/devkitpro/devkitarm/bin/../lib/gcc/arm-none-eabi/11.1.0/../../../../arm-none-eabi/lib\libstdc++.a(eh_exception.o)
 *fill*         0x000000000200847b        0x1 ff
 .rodata._ZTIN10__cxxabiv115__forced_unwindE
                0x000000000200847c        0x8 d:/devkitpro/devkitarm/bin/../lib/gcc/arm-none-eabi/11.1.0/../../../../arm-none-eabi/lib\libstdc++.a(eh_exception.o)
                0x000000000200847c                typeinfo for __cxxabiv1::__forced_unwind
 .rodata._ZTIN10__cxxabiv119__foreign_exceptionE
                0x0000000002008484        0x8 d:/devkitpro/devkitarm/bin/../lib/gcc/arm-none-eabi/11.1.0/../../../../arm-none-eabi/lib\libstdc++.a(eh_exception.o)
                0x0000000002008484                typeinfo for __cxxabiv1::__foreign_exception
 .rodata._ZTISt13bad_exception
                0x000000000200848c        0xc d:/devkitpro/devkitarm/bin/../lib/gcc/arm-none-eabi/11.1.0/../../../../arm-none-eabi/lib\libstdc++.a(eh_exception.o)
                0x000000000200848c                typeinfo for std::bad_exception
 .rodata._ZTISt9exception
                0x0000000002008498        0x8 d:/devkitpro/devkitarm/bin/../lib/gcc/arm-none-eabi/11.1.0/../../../../arm-none-eabi/lib\libstdc++.a(eh_exception.o)
                0x0000000002008498                typeinfo for std::exception
 .rodata._ZTSN10__cxxabiv115__forced_unwindE
                0x00000000020084a0       0x20 d:/devkitpro/devkitarm/bin/../lib/gcc/arm-none-eabi/11.1.0/../../../../arm-none-eabi/lib\libstdc++.a(eh_exception.o)
                0x00000000020084a0                typeinfo name for __cxxabiv1::__forced_unwind
 .rodata._ZTSN10__cxxabiv119__foreign_exceptionE
                0x00000000020084c0       0x24 d:/devkitpro/devkitarm/bin/../lib/gcc/arm-none-eabi/11.1.0/../../../../arm-none-eabi/lib\libstdc++.a(eh_exception.o)
                0x00000000020084c0                typeinfo name for __cxxabiv1::__foreign_exception
 .rodata._ZTSSt13bad_exception
                0x00000000020084e4       0x12 d:/devkitpro/devkitarm/bin/../lib/gcc/arm-none-eabi/11.1.0/../../../../arm-none-eabi/lib\libstdc++.a(eh_exception.o)
                0x00000000020084e4                typeinfo name for std::bad_exception
 *fill*         0x00000000020084f6        0x2 ff
 .rodata._ZTSSt9exception
                0x00000000020084f8        0xd d:/devkitpro/devkitarm/bin/../lib/gcc/arm-none-eabi/11.1.0/../../../../arm-none-eabi/lib\libstdc++.a(eh_exception.o)
                0x00000000020084f8                typeinfo name for std::exception
 *fill*         0x0000000002008505        0x3 ff
 .rodata._ZTVSt13bad_exception
                0x0000000002008508       0x14 d:/devkitpro/devkitarm/bin/../lib/gcc/arm-none-eabi/11.1.0/../../../../arm-none-eabi/lib\libstdc++.a(eh_exception.o)
                0x0000000002008508                vtable for std::bad_exception
 .rodata._ZTIN10__cxxabiv120__si_class_type_infoE
                0x000000000200851c        0xc d:/devkitpro/devkitarm/bin/../lib/gcc/arm-none-eabi/11.1.0/../../../../arm-none-eabi/lib\libstdc++.a(si_class_type_info.o)
                0x000000000200851c                typeinfo for __cxxabiv1::__si_class_type_info
 .rodata._ZTSN10__cxxabiv120__si_class_type_infoE
                0x0000000002008528       0x25 d:/devkitpro/devkitarm/bin/../lib/gcc/arm-none-eabi/11.1.0/../../../../arm-none-eabi/lib\libstdc++.a(si_class_type_info.o)
                0x0000000002008528                typeinfo name for __cxxabiv1::__si_class_type_info
 *fill*         0x000000000200854d        0x3 ff
 .rodata._ZTVN10__cxxabiv120__si_class_type_infoE
                0x0000000002008550       0x2c d:/devkitpro/devkitarm/bin/../lib/gcc/arm-none-eabi/11.1.0/../../../../arm-none-eabi/lib\libstdc++.a(si_class_type_info.o)
                0x0000000002008550                vtable for __cxxabiv1::__si_class_type_info
 .rodata._ZTISt9type_info
                0x000000000200857c        0x8 d:/devkitpro/devkitarm/bin/../lib/gcc/arm-none-eabi/11.1.0/../../../../arm-none-eabi/lib\libstdc++.a(tinfo.o)
                0x000000000200857c                typeinfo for std::type_info
 .rodata._ZTSSt9type_info
                0x0000000002008584        0xd d:/devkitpro/devkitarm/bin/../lib/gcc/arm-none-eabi/11.1.0/../../../../arm-none-eabi/lib\libstdc++.a(tinfo.o)
                0x0000000002008584                typeinfo name for std::type_info
 *fill*         0x0000000002008591        0x3 ff
 .rodata._ZTIN10__cxxabiv117__class_type_infoE
                0x0000000002008594        0xc d:/devkitpro/devkitarm/bin/../lib/gcc/arm-none-eabi/11.1.0/../../../../arm-none-eabi/lib\libstdc++.a(class_type_info.o)
                0x0000000002008594                typeinfo for __cxxabiv1::__class_type_info
 .rodata._ZTSN10__cxxabiv117__class_type_infoE
                0x00000000020085a0       0x22 d:/devkitpro/devkitarm/bin/../lib/gcc/arm-none-eabi/11.1.0/../../../../arm-none-eabi/lib\libstdc++.a(class_type_info.o)
                0x00000000020085a0                typeinfo name for __cxxabiv1::__class_type_info
 *fill*         0x00000000020085c2        0x2 ff
 .rodata._ZTVN10__cxxabiv117__class_type_infoE
                0x00000000020085c4       0x2c d:/devkitpro/devkitarm/bin/../lib/gcc/arm-none-eabi/11.1.0/../../../../arm-none-eabi/lib\libstdc++.a(class_type_info.o)
                0x00000000020085c4                vtable for __cxxabiv1::__class_type_info
 *(EXCLUDE_FILE(*.twl*) .gnu.linkonce.r*)
                0x00000000020085f0                . = ALIGN (0x4)

.ARM.extab      0x00000000020085f0       0x68
 *(.ARM.extab* .gnu.linkonce.armextab.*)
 .ARM.extab.text._ZN10__cxxabiv111__terminateEPFvvE
                0x00000000020085f0       0x18 d:/devkitpro/devkitarm/bin/../lib/gcc/arm-none-eabi/11.1.0/../../../../arm-none-eabi/lib\libstdc++.a(eh_terminate.o)
 .ARM.extab.text.__cxa_begin_catch
                0x0000000002008608        0xc d:/devkitpro/devkitarm/bin/../lib/gcc/arm-none-eabi/11.1.0/../../../../arm-none-eabi/lib\libstdc++.a(eh_catch.o)
 .ARM.extab.text.__gxx_personality_v0
                0x0000000002008614       0x20 d:/devkitpro/devkitarm/bin/../lib/gcc/arm-none-eabi/11.1.0/../../../../arm-none-eabi/lib\libstdc++.a(eh_personality.o)
 .ARM.extab.text.unlikely.__cxa_call_unexpected
                0x0000000002008634       0x24 d:/devkitpro/devkitarm/bin/../lib/gcc/arm-none-eabi/11.1.0/../../../../arm-none-eabi/lib\libstdc++.a(eh_call.o)
                0x0000000002008658                __exidx_start = .

ARM.exidx       0x0000000002008658      0x178
 *(.ARM.exidx* .gnu.linkonce.armexidx.*)
 .ARM.exidx.text._Znaj
                0x0000000002008658        0x8 d:/devkitpro/devkitarm/bin/../lib/gcc/arm-none-eabi/11.1.0/../../../../arm-none-eabi/lib\libstdc++.a(new_opv.o)
 .ARM.exidx.text._Znwj
                0x0000000002008660        0x0 d:/devkitpro/devkitarm/bin/../lib/gcc/arm-none-eabi/11.1.0/../../../../arm-none-eabi/lib\libstdc++.a(new_op.o)
                                          0x8 (size before relaxing)
 .ARM.exidx.text._ZNKSt9bad_alloc4whatEv
                0x0000000002008660        0x8 d:/devkitpro/devkitarm/bin/../lib/gcc/arm-none-eabi/11.1.0/../../../../arm-none-eabi/lib\libstdc++.a(bad_alloc.o)
 .ARM.exidx.text._ZNSt9bad_allocD2Ev
                0x0000000002008668        0x0 d:/devkitpro/devkitarm/bin/../lib/gcc/arm-none-eabi/11.1.0/../../../../arm-none-eabi/lib\libstdc++.a(bad_alloc.o)
                                          0x8 (size before relaxing)
 .ARM.exidx.text._ZNSt9bad_allocD0Ev
                0x0000000002008668        0x0 d:/devkitpro/devkitarm/bin/../lib/gcc/arm-none-eabi/11.1.0/../../../../arm-none-eabi/lib\libstdc++.a(bad_alloc.o)
                                          0x8 (size before relaxing)
 .ARM.exidx.text._ZdlPvj
                0x0000000002008668        0x0 d:/devkitpro/devkitarm/bin/../lib/gcc/arm-none-eabi/11.1.0/../../../../arm-none-eabi/lib\libstdc++.a(del_ops.o)
                                          0x8 (size before relaxing)
 .ARM.exidx.text._ZN12_GLOBAL__N_14pool4freeEPv.constprop.0
                0x0000000002008668        0x0 d:/devkitpro/devkitarm/bin/../lib/gcc/arm-none-eabi/11.1.0/../../../../arm-none-eabi/lib\libstdc++.a(eh_alloc.o)
                                          0x8 (size before relaxing)
 .ARM.exidx.text._ZN12_GLOBAL__N_14pool8allocateEj.constprop.0
                0x0000000002008668        0x0 d:/devkitpro/devkitarm/bin/../lib/gcc/arm-none-eabi/11.1.0/../../../../arm-none-eabi/lib\libstdc++.a(eh_alloc.o)
                                          0x8 (size before relaxing)
 .ARM.exidx.text.__cxa_allocate_exception
                0x0000000002008668        0x0 d:/devkitpro/devkitarm/bin/../lib/gcc/arm-none-eabi/11.1.0/../../../../arm-none-eabi/lib\libstdc++.a(eh_alloc.o)
                                          0x8 (size before relaxing)
 .ARM.exidx.text.__cxa_free_exception
                0x0000000002008668        0x0 d:/devkitpro/devkitarm/bin/../lib/gcc/arm-none-eabi/11.1.0/../../../../arm-none-eabi/lib\libstdc++.a(eh_alloc.o)
                                          0x8 (size before relaxing)
 .ARM.exidx.text.startup._GLOBAL__sub_I__ZN9__gnu_cxx9__freeresEv
                0x0000000002008668        0x0 d:/devkitpro/devkitarm/bin/../lib/gcc/arm-none-eabi/11.1.0/../../../../arm-none-eabi/lib\libstdc++.a(eh_alloc.o)
                                          0x8 (size before relaxing)
 .ARM.exidx.text._ZNSt9exceptionD2Ev
                0x0000000002008668        0x0 d:/devkitpro/devkitarm/bin/../lib/gcc/arm-none-eabi/11.1.0/../../../../arm-none-eabi/lib\libstdc++.a(eh_exception.o)
                                          0x8 (size before relaxing)
 .ARM.exidx.text._ZNSt13bad_exceptionD2Ev
                0x0000000002008668        0x0 d:/devkitpro/devkitarm/bin/../lib/gcc/arm-none-eabi/11.1.0/../../../../arm-none-eabi/lib\libstdc++.a(eh_exception.o)
                                          0x8 (size before relaxing)
 .ARM.exidx.text._ZNKSt13bad_exception4whatEv
                0x0000000002008668        0x0 d:/devkitpro/devkitarm/bin/../lib/gcc/arm-none-eabi/11.1.0/../../../../arm-none-eabi/lib\libstdc++.a(eh_exception.o)
                                          0x8 (size before relaxing)
 .ARM.exidx.text._ZNSt13bad_exceptionD0Ev
                0x0000000002008668        0x0 d:/devkitpro/devkitarm/bin/../lib/gcc/arm-none-eabi/11.1.0/../../../../arm-none-eabi/lib\libstdc++.a(eh_exception.o)
                                          0x8 (size before relaxing)
 .ARM.exidx.text._ZN10__cxxabiv111__terminateEPFvvE
                0x0000000002008668        0x8 d:/devkitpro/devkitarm/bin/../lib/gcc/arm-none-eabi/11.1.0/../../../../arm-none-eabi/lib\libstdc++.a(eh_terminate.o)
 .ARM.exidx.text._ZSt9terminatev
                0x0000000002008670        0x8 d:/devkitpro/devkitarm/bin/../lib/gcc/arm-none-eabi/11.1.0/../../../../arm-none-eabi/lib\libstdc++.a(eh_terminate.o)
 .ARM.exidx.text._ZN10__cxxabiv112__unexpectedEPFvvE
                0x0000000002008678        0x8 d:/devkitpro/devkitarm/bin/../lib/gcc/arm-none-eabi/11.1.0/../../../../arm-none-eabi/lib\libstdc++.a(eh_terminate.o)
 .ARM.exidx.text._ZSt10unexpectedv
                0x0000000002008680        0x0 d:/devkitpro/devkitarm/bin/../lib/gcc/arm-none-eabi/11.1.0/../../../../arm-none-eabi/lib\libstdc++.a(eh_terminate.o)
                                          0x8 (size before relaxing)
 .ARM.exidx.text._ZSt13get_terminatev
                0x0000000002008680        0x8 d:/devkitpro/devkitarm/bin/../lib/gcc/arm-none-eabi/11.1.0/../../../../arm-none-eabi/lib\libstdc++.a(eh_terminate.o)
 .ARM.exidx.text._ZSt14get_unexpectedv
                0x0000000002008688        0x0 d:/devkitpro/devkitarm/bin/../lib/gcc/arm-none-eabi/11.1.0/../../../../arm-none-eabi/lib\libstdc++.a(eh_terminate.o)
                                          0x8 (size before relaxing)
 .ARM.exidx.text._ZL23__gxx_exception_cleanup19_Unwind_Reason_CodeP21_Unwind_Control_Block
                0x0000000002008688        0x8 d:/devkitpro/devkitarm/bin/../lib/gcc/arm-none-eabi/11.1.0/../../../../arm-none-eabi/lib\libstdc++.a(eh_throw.o)
 .ARM.exidx.text.__cxa_init_primary_exception
                0x0000000002008690        0x8 d:/devkitpro/devkitarm/bin/../lib/gcc/arm-none-eabi/11.1.0/../../../../arm-none-eabi/lib\libstdc++.a(eh_throw.o)
 .ARM.exidx.text.__cxa_throw
                0x0000000002008698        0x8 d:/devkitpro/devkitarm/bin/../lib/gcc/arm-none-eabi/11.1.0/../../../../arm-none-eabi/lib\libstdc++.a(eh_throw.o)
 .ARM.exidx.text.__cxa_rethrow
                0x00000000020086a0        0x8 d:/devkitpro/devkitarm/bin/../lib/gcc/arm-none-eabi/11.1.0/../../../../arm-none-eabi/lib\libstdc++.a(eh_throw.o)
 .ARM.exidx.text._ZSt15get_new_handlerv
                0x00000000020086a8        0x8 d:/devkitpro/devkitarm/bin/../lib/gcc/arm-none-eabi/11.1.0/../../../../arm-none-eabi/lib\libstdc++.a(new_handler.o)
 .ARM.exidx.text._ZN10__cxxabiv120__si_class_type_infoD2Ev
                0x00000000020086b0        0x0 d:/devkitpro/devkitarm/bin/../lib/gcc/arm-none-eabi/11.1.0/../../../../arm-none-eabi/lib\libstdc++.a(si_class_type_info.o)
                                          0x8 (size before relaxing)
 .ARM.exidx.text._ZN10__cxxabiv120__si_class_type_infoD0Ev
                0x00000000020086b0        0x0 d:/devkitpro/devkitarm/bin/../lib/gcc/arm-none-eabi/11.1.0/../../../../arm-none-eabi/lib\libstdc++.a(si_class_type_info.o)
                                          0x8 (size before relaxing)
 .ARM.exidx.text._ZNK10__cxxabiv120__si_class_type_info20__do_find_public_srcEiPKvPKNS_17__class_type_infoES2_
                0x00000000020086b0        0x0 d:/devkitpro/devkitarm/bin/../lib/gcc/arm-none-eabi/11.1.0/../../../../arm-none-eabi/lib\libstdc++.a(si_class_type_info.o)
                                          0x8 (size before relaxing)
 .ARM.exidx.text._ZNK10__cxxabiv120__si_class_type_info12__do_dyncastEiNS_17__class_type_info10__sub_kindEPKS1_PKvS4_S6_RNS1_16__dyncast_resultE
                0x00000000020086b0        0x0 d:/devkitpro/devkitarm/bin/../lib/gcc/arm-none-eabi/11.1.0/../../../../arm-none-eabi/lib\libstdc++.a(si_class_type_info.o)
                                          0x8 (size before relaxing)
 .ARM.exidx.text._ZNK10__cxxabiv120__si_class_type_info11__do_upcastEPKNS_17__class_type_infoEPKvRNS1_15__upcast_resultE
                0x00000000020086b0        0x8 d:/devkitpro/devkitarm/bin/../lib/gcc/arm-none-eabi/11.1.0/../../../../arm-none-eabi/lib\libstdc++.a(si_class_type_info.o)
 .ARM.exidx.text._ZNSt9type_infoD2Ev
                0x00000000020086b8        0x8 d:/devkitpro/devkitarm/bin/../lib/gcc/arm-none-eabi/11.1.0/../../../../arm-none-eabi/lib\libstdc++.a(tinfo.o)
 .ARM.exidx.text._ZNKSt9type_info14__is_pointer_pEv
                0x00000000020086c0        0x0 d:/devkitpro/devkitarm/bin/../lib/gcc/arm-none-eabi/11.1.0/../../../../arm-none-eabi/lib\libstdc++.a(tinfo.o)
                                          0x8 (size before relaxing)
 .ARM.exidx.text._ZNKSt9type_infoeqERKS_
                0x00000000020086c0        0x0 d:/devkitpro/devkitarm/bin/../lib/gcc/arm-none-eabi/11.1.0/../../../../arm-none-eabi/lib\libstdc++.a(tinfo.o)
                                          0x8 (size before relaxing)
 .ARM.exidx.text._ZNK10__cxxabiv117__class_type_info11__do_upcastEPKS0_PPv
                0x00000000020086c0        0x8 d:/devkitpro/devkitarm/bin/../lib/gcc/arm-none-eabi/11.1.0/../../../../arm-none-eabi/lib\libstdc++.a(class_type_info.o)
 .ARM.exidx.text._ZNK10__cxxabiv117__class_type_info20__do_find_public_srcEiPKvPKS0_S2_
                0x00000000020086c8        0x8 d:/devkitpro/devkitarm/bin/../lib/gcc/arm-none-eabi/11.1.0/../../../../arm-none-eabi/lib\libstdc++.a(class_type_info.o)
 .ARM.exidx.text._ZN10__cxxabiv117__class_type_infoD2Ev
                0x00000000020086d0        0x0 d:/devkitpro/devkitarm/bin/../lib/gcc/arm-none-eabi/11.1.0/../../../../arm-none-eabi/lib\libstdc++.a(class_type_info.o)
                                          0x8 (size before relaxing)
 .ARM.exidx.text._ZN10__cxxabiv117__class_type_infoD0Ev
                0x00000000020086d0        0x0 d:/devkitpro/devkitarm/bin/../lib/gcc/arm-none-eabi/11.1.0/../../../../arm-none-eabi/lib\libstdc++.a(class_type_info.o)
                                          0x8 (size before relaxing)
 .ARM.exidx.text._ZNK10__cxxabiv117__class_type_info12__do_dyncastEiNS0_10__sub_kindEPKS0_PKvS3_S5_RNS0_16__dyncast_resultE
                0x00000000020086d0        0x0 d:/devkitpro/devkitarm/bin/../lib/gcc/arm-none-eabi/11.1.0/../../../../arm-none-eabi/lib\libstdc++.a(class_type_info.o)
                                          0x8 (size before relaxing)
 .ARM.exidx.text._ZNK10__cxxabiv117__class_type_info11__do_upcastEPKS0_PKvRNS0_15__upcast_resultE
                0x00000000020086d0        0x0 d:/devkitpro/devkitarm/bin/../lib/gcc/arm-none-eabi/11.1.0/../../../../arm-none-eabi/lib\libstdc++.a(class_type_info.o)
                                          0x8 (size before relaxing)
 .ARM.exidx.text._ZNK10__cxxabiv117__class_type_info10__do_catchEPKSt9type_infoPPvj
                0x00000000020086d0        0x0 d:/devkitpro/devkitarm/bin/../lib/gcc/arm-none-eabi/11.1.0/../../../../arm-none-eabi/lib\libstdc++.a(class_type_info.o)
                                          0x8 (size before relaxing)
 .ARM.exidx.text._ZdlPv
                0x00000000020086d0        0x0 d:/devkitpro/devkitarm/bin/../lib/gcc/arm-none-eabi/11.1.0/../../../../arm-none-eabi/lib\libstdc++.a(del_op.o)
                                          0x8 (size before relaxing)
 .ARM.exidx.text.__cxa_begin_catch
                0x00000000020086d0        0x8 d:/devkitpro/devkitarm/bin/../lib/gcc/arm-none-eabi/11.1.0/../../../../arm-none-eabi/lib\libstdc++.a(eh_catch.o)
 .ARM.exidx.text.__cxa_end_catch
                0x00000000020086d8        0x8 d:/devkitpro/devkitarm/bin/../lib/gcc/arm-none-eabi/11.1.0/../../../../arm-none-eabi/lib\libstdc++.a(eh_catch.o)
 .ARM.exidx.text.__cxa_get_globals_fast
                0x00000000020086e0        0x8 d:/devkitpro/devkitarm/bin/../lib/gcc/arm-none-eabi/11.1.0/../../../../arm-none-eabi/lib\libstdc++.a(eh_globals.o)
 .ARM.exidx.text.__cxa_get_globals
                0x00000000020086e8        0x0 d:/devkitpro/devkitarm/bin/../lib/gcc/arm-none-eabi/11.1.0/../../../../arm-none-eabi/lib\libstdc++.a(eh_globals.o)
                                          0x8 (size before relaxing)
 .ARM.exidx.text._ZL28read_encoded_value_with_basehjPKhPj
                0x00000000020086e8        0x8 d:/devkitpro/devkitarm/bin/../lib/gcc/arm-none-eabi/11.1.0/../../../../arm-none-eabi/lib\libstdc++.a(eh_personality.o)
 .ARM.exidx.text._ZL21base_of_encoded_valuehP15_Unwind_Context
                0x00000000020086f0        0x8 d:/devkitpro/devkitarm/bin/../lib/gcc/arm-none-eabi/11.1.0/../../../../arm-none-eabi/lib\libstdc++.a(eh_personality.o)
 .ARM.exidx.text._ZL17parse_lsda_headerP15_Unwind_ContextPKhP16lsda_header_info
                0x00000000020086f8        0x8 d:/devkitpro/devkitarm/bin/../lib/gcc/arm-none-eabi/11.1.0/../../../../arm-none-eabi/lib\libstdc++.a(eh_personality.o)
 .ARM.exidx.text.__gxx_personality_v0
                0x0000000002008700       0x10 d:/devkitpro/devkitarm/bin/../lib/gcc/arm-none-eabi/11.1.0/../../../../arm-none-eabi/lib\libstdc++.a(eh_personality.o)
                                          0x8 (size before relaxing)
 .ARM.exidx.text.__cxa_type_match
                0x0000000002008710        0x8 d:/devkitpro/devkitarm/bin/../lib/gcc/arm-none-eabi/11.1.0/../../../../arm-none-eabi/lib\libstdc++.a(eh_arm.o)
 .ARM.exidx.text.__cxa_begin_cleanup
                0x0000000002008718        0x8 d:/devkitpro/devkitarm/bin/../lib/gcc/arm-none-eabi/11.1.0/../../../../arm-none-eabi/lib\libstdc++.a(eh_arm.o)
 .ARM.exidx.text.__gnu_end_cleanup
                0x0000000002008720        0x0 d:/devkitpro/devkitarm/bin/../lib/gcc/arm-none-eabi/11.1.0/../../../../arm-none-eabi/lib\libstdc++.a(eh_arm.o)
                                          0x8 (size before relaxing)
 .ARM.exidx.text._ZN10__cxxabiv1L24__is_gxx_exception_classEPc
                0x0000000002008720        0x0 d:/devkitpro/devkitarm/bin/../lib/gcc/arm-none-eabi/11.1.0/../../../../arm-none-eabi/lib\libstdc++.a(eh_call.o)
                                          0x8 (size before relaxing)
 .ARM.exidx.text.__cxa_call_terminate
                0x0000000002008720        0x0 d:/devkitpro/devkitarm/bin/../lib/gcc/arm-none-eabi/11.1.0/../../../../arm-none-eabi/lib\libstdc++.a(eh_call.o)
                                          0x8 (size before relaxing)
 .ARM.exidx.text.unlikely.__cxa_call_unexpected
                0x0000000002008720       0x10 d:/devkitpro/devkitarm/bin/../lib/gcc/arm-none-eabi/11.1.0/../../../../arm-none-eabi/lib\libstdc++.a(eh_call.o)
                                          0x8 (size before relaxing)
 .ARM.exidx.text.selfrel_offset31
                0x0000000002008730        0x0 d:/devkitpro/devkitarm/bin/../lib/gcc/arm-none-eabi/11.1.0\libgcc.a(unwind-arm.o)
                                          0x8 (size before relaxing)
 .ARM.exidx.text.search_EIT_table
                0x0000000002008730        0x0 d:/devkitpro/devkitarm/bin/../lib/gcc/arm-none-eabi/11.1.0\libgcc.a(unwind-arm.o)
                                          0x8 (size before relaxing)
 .ARM.exidx.text.__gnu_unwind_get_pr_addr
                0x0000000002008730        0x0 d:/devkitpro/devkitarm/bin/../lib/gcc/arm-none-eabi/11.1.0\libgcc.a(unwind-arm.o)
                                          0x8 (size before relaxing)
 .ARM.exidx.text.get_eit_entry
                0x0000000002008730        0x8 d:/devkitpro/devkitarm/bin/../lib/gcc/arm-none-eabi/11.1.0\libgcc.a(unwind-arm.o)
 .ARM.exidx.text.restore_non_core_regs
                0x0000000002008738        0x8 d:/devkitpro/devkitarm/bin/../lib/gcc/arm-none-eabi/11.1.0\libgcc.a(unwind-arm.o)
 .ARM.exidx.text._Unwind_decode_typeinfo_ptr.constprop.0
                0x0000000002008740        0x8 d:/devkitpro/devkitarm/bin/../lib/gcc/arm-none-eabi/11.1.0\libgcc.a(unwind-arm.o)
 .ARM.exidx.text._Unwind_DebugHook
                0x0000000002008748        0x0 d:/devkitpro/devkitarm/bin/../lib/gcc/arm-none-eabi/11.1.0\libgcc.a(unwind-arm.o)
                                          0x8 (size before relaxing)
 .ARM.exidx.text.unwind_phase2
                0x0000000002008748        0x8 d:/devkitpro/devkitarm/bin/../lib/gcc/arm-none-eabi/11.1.0\libgcc.a(unwind-arm.o)
 .ARM.exidx.text.unwind_phase2_forced
                0x0000000002008750        0x8 d:/devkitpro/devkitarm/bin/../lib/gcc/arm-none-eabi/11.1.0\libgcc.a(unwind-arm.o)
 .ARM.exidx.text.__gnu_Unwind_RaiseException
                0x0000000002008758        0x8 d:/devkitpro/devkitarm/bin/../lib/gcc/arm-none-eabi/11.1.0\libgcc.a(unwind-arm.o)
 .ARM.exidx.text.__gnu_Unwind_ForcedUnwind
                0x0000000002008760        0x8 d:/devkitpro/devkitarm/bin/../lib/gcc/arm-none-eabi/11.1.0\libgcc.a(unwind-arm.o)
 .ARM.exidx.text.__gnu_Unwind_Resume
                0x0000000002008768        0x8 d:/devkitpro/devkitarm/bin/../lib/gcc/arm-none-eabi/11.1.0\libgcc.a(unwind-arm.o)
 .ARM.exidx.text.__gnu_Unwind_Resume_or_Rethrow
                0x0000000002008770        0x8 d:/devkitpro/devkitarm/bin/../lib/gcc/arm-none-eabi/11.1.0\libgcc.a(unwind-arm.o)
 .ARM.exidx.text._Unwind_Complete
                0x0000000002008778        0x0 d:/devkitpro/devkitarm/bin/../lib/gcc/arm-none-eabi/11.1.0\libgcc.a(unwind-arm.o)
                                          0x8 (size before relaxing)
 .ARM.exidx.text._Unwind_DeleteException
                0x0000000002008778        0x0 d:/devkitpro/devkitarm/bin/../lib/gcc/arm-none-eabi/11.1.0\libgcc.a(unwind-arm.o)
                                          0x8 (size before relaxing)
 .ARM.exidx.text._Unwind_VRS_Get
                0x0000000002008778        0x0 d:/devkitpro/devkitarm/bin/../lib/gcc/arm-none-eabi/11.1.0\libgcc.a(unwind-arm.o)
                                          0x8 (size before relaxing)
 .ARM.exidx.text._Unwind_GetGR
                0x0000000002008778        0x0 d:/devkitpro/devkitarm/bin/../lib/gcc/arm-none-eabi/11.1.0\libgcc.a(unwind-arm.o)
                                          0x8 (size before relaxing)
 .ARM.exidx.text._Unwind_VRS_Set
                0x0000000002008778        0x0 d:/devkitpro/devkitarm/bin/../lib/gcc/arm-none-eabi/11.1.0\libgcc.a(unwind-arm.o)
                                          0x8 (size before relaxing)
 .ARM.exidx.text._Unwind_SetGR
                0x0000000002008778        0x0 d:/devkitpro/devkitarm/bin/../lib/gcc/arm-none-eabi/11.1.0\libgcc.a(unwind-arm.o)
                                          0x8 (size before relaxing)
 .ARM.exidx.text.__gnu_Unwind_Backtrace
                0x0000000002008778        0x8 d:/devkitpro/devkitarm/bin/../lib/gcc/arm-none-eabi/11.1.0\libgcc.a(unwind-arm.o)
 .ARM.exidx.text.__gnu_unwind_pr_common
                0x0000000002008780        0x8 d:/devkitpro/devkitarm/bin/../lib/gcc/arm-none-eabi/11.1.0\libgcc.a(unwind-arm.o)
 .ARM.exidx.text.__aeabi_unwind_cpp_pr0
                0x0000000002008788        0x8 d:/devkitpro/devkitarm/bin/../lib/gcc/arm-none-eabi/11.1.0\libgcc.a(unwind-arm.o)
 .ARM.exidx.text.__aeabi_unwind_cpp_pr1
                0x0000000002008790        0x0 d:/devkitpro/devkitarm/bin/../lib/gcc/arm-none-eabi/11.1.0\libgcc.a(unwind-arm.o)
                                          0x8 (size before relaxing)
 .ARM.exidx.text.__aeabi_unwind_cpp_pr2
                0x0000000002008790        0x0 d:/devkitpro/devkitarm/bin/../lib/gcc/arm-none-eabi/11.1.0\libgcc.a(unwind-arm.o)
                                          0x8 (size before relaxing)
 .ARM.exidx.text._Unwind_VRS_Pop
                0x0000000002008790        0x8 d:/devkitpro/devkitarm/bin/../lib/gcc/arm-none-eabi/11.1.0\libgcc.a(unwind-arm.o)
 .ARM.exidx.text.next_unwind_byte
                0x0000000002008798        0x8 d:/devkitpro/devkitarm/bin/../lib/gcc/arm-none-eabi/11.1.0\libgcc.a(pr-support.o)
 .ARM.exidx.text._Unwind_GetGR.constprop.0
                0x00000000020087a0        0x8 d:/devkitpro/devkitarm/bin/../lib/gcc/arm-none-eabi/11.1.0\libgcc.a(pr-support.o)
 .ARM.exidx.text.unwind_UCB_from_context
                0x00000000020087a8        0x8 d:/devkitpro/devkitarm/bin/../lib/gcc/arm-none-eabi/11.1.0\libgcc.a(pr-support.o)
 .ARM.exidx.text.__gnu_unwind_execute
                0x00000000020087b0        0x8 d:/devkitpro/devkitarm/bin/../lib/gcc/arm-none-eabi/11.1.0\libgcc.a(pr-support.o)
 .ARM.exidx.text.__gnu_unwind_frame
                0x00000000020087b8        0x8 d:/devkitpro/devkitarm/bin/../lib/gcc/arm-none-eabi/11.1.0\libgcc.a(pr-support.o)
 .ARM.exidx.text._Unwind_GetRegionStart
                0x00000000020087c0        0x8 d:/devkitpro/devkitarm/bin/../lib/gcc/arm-none-eabi/11.1.0\libgcc.a(pr-support.o)
 .ARM.exidx.text._Unwind_GetLanguageSpecificData
                0x00000000020087c8        0x0 d:/devkitpro/devkitarm/bin/../lib/gcc/arm-none-eabi/11.1.0\libgcc.a(pr-support.o)
                                          0x8 (size before relaxing)
 .ARM.exidx.text.unlikely._Unwind_GetDataRelBase
                0x00000000020087c8        0x8 d:/devkitpro/devkitarm/bin/../lib/gcc/arm-none-eabi/11.1.0\libgcc.a(pr-support.o)
 .ARM.exidx.text.unlikely._Unwind_GetTextRelBase
                0x00000000020087d0        0x0 d:/devkitpro/devkitarm/bin/../lib/gcc/arm-none-eabi/11.1.0\libgcc.a(pr-support.o)
                                          0x8 (size before relaxing)
                0x00000000020087d0                __exidx_end = .
                0x00000000020087d0                . = ALIGN (0x4)
                0x00000000020087d0                PROVIDE (__preinit_array_start = .)

.preinit_array
 *(.preinit_array)
                0x00000000020087d0                PROVIDE (__preinit_array_end = .)
                0x00000000020087d0                PROVIDE (__init_array_start = .)

.init_array     0x00000000020087d0        0x8
 *(SORT_BY_NAME(.init_array.*))
 *(.init_array)
 .init_array    0x00000000020087d0        0x4 d:/devkitpro/devkitarm/bin/../lib/gcc/arm-none-eabi/11.1.0/crtbegin.o
 .init_array    0x00000000020087d4        0x4 d:/devkitpro/devkitarm/bin/../lib/gcc/arm-none-eabi/11.1.0/../../../../arm-none-eabi/lib\libstdc++.a(eh_alloc.o)
                0x00000000020087d8                PROVIDE (__init_array_end = .)
                [!provide]                        PROVIDE (__fini_array_start = .)

.fini_array     0x00000000020087d8        0x4
 *(.fini_array)
 .fini_array    0x00000000020087d8        0x4 d:/devkitpro/devkitarm/bin/../lib/gcc/arm-none-eabi/11.1.0/crtbegin.o
 *(SORT_BY_NAME(.fini_array.*))
                [!provide]                        PROVIDE (__fini_array_end = .)

.ctors          0x00000000020087dc        0x0
 *crtbegin.o(.ctors)
 *(EXCLUDE_FILE(*crtend.o) .ctors)
 *(SORT_BY_NAME(.ctors.*))
 *(.ctors)
                0x00000000020087dc                . = ALIGN (0x4)

.dtors          0x00000000020087dc        0x0
 *crtbegin.o(.dtors)
 *(EXCLUDE_FILE(*crtend.o) .dtors)
 *(SORT_BY_NAME(.dtors.*))
 *(.dtors)
                0x00000000020087dc                . = ALIGN (0x4)

.eh_frame       0x00000000020087dc        0x4
 *(.eh_frame)
 .eh_frame      0x00000000020087dc        0x0 d:/devkitpro/devkitarm/bin/../lib/gcc/arm-none-eabi/11.1.0/crtbegin.o
 .eh_frame      0x00000000020087dc        0x4 d:/devkitpro/devkitarm/bin/../lib/gcc/arm-none-eabi/11.1.0/crtend.o
                0x00000000020087e0                . = ALIGN (0x4)

.rel.dyn        0x00000000020087e0        0x0
 .rel.iplt      0x00000000020087e0        0x0 d:/devkitpro/devkitarm/bin/../lib/gcc/arm-none-eabi/11.1.0/../../../../arm-none-eabi/lib/ds_arm9_crt0.o

.gcc_except_table
                0x00000000020087e0        0x0
 *(.gcc_except_table)
                0x00000000020087e0                . = ALIGN (0x4)

.jcr
 *(.jcr)

.got
 *(.got.plt)
 *(.got)
 *(.rel.got)

.ewram          0x00000000020087e0        0x0
                0x00000000020087e0                __ewram_start = ABSOLUTE (.)
 *(.ewram)
 *ewram.*(.text)
                0x00000000020087e0                . = ALIGN (0x4)

.data           0x00000000020087e0      0x8c8
                0x00000000020087e0                __data_start = ABSOLUTE (.)
 *(EXCLUDE_FILE(*.twl*) .data)
 .data          0x00000000020087e0       0x28 D:/devkitPro/libnds/lib\libnds9.a(mpu_setup.o)
 *(EXCLUDE_FILE(*.twl*) .data.*)
 .data.glGlob   0x0000000002008808        0x4 D:/devkitPro/libnds/lib\libnds9.a(videoGL.o)
 .data.count    0x000000000200880c        0x1 D:/devkitPro/libnds/lib\libnds9.a(keys.o)
 .data.delay    0x000000000200880d        0x1 D:/devkitPro/libnds/lib\libnds9.a(keys.o)
 .data.repeat   0x000000000200880e        0x1 D:/devkitPro/libnds/lib\libnds9.a(keys.o)
 *fill*         0x000000000200880f        0x1 ff
 .data.fifo_buffer_free
                0x0000000002008810        0x4 D:/devkitPro/libnds/lib\libnds9.a(fifosystem.o)
                0x0000000002008810                fifo_buffer_free
 .data.fifo_freewords
                0x0000000002008814        0x4 D:/devkitPro/libnds/lib\libnds9.a(fifosystem.o)
                0x0000000002008814                fifo_freewords
 .data.fifo_receive_queue
                0x0000000002008818        0x4 D:/devkitPro/libnds/lib\libnds9.a(fifosystem.o)
                0x0000000002008818                fifo_receive_queue
 .data.fifo_send_queue
                0x000000000200881c        0x4 D:/devkitPro/libnds/lib\libnds9.a(fifosystem.o)
                0x000000000200881c                fifo_send_queue
 .data._ZN10__cxxabiv120__unexpected_handlerE
                0x0000000002008820        0x4 d:/devkitpro/devkitarm/bin/../lib/gcc/arm-none-eabi/11.1.0/../../../../arm-none-eabi/lib\libstdc++.a(eh_unex_handler.o)
                0x0000000002008820                __cxxabiv1::__unexpected_handler
 .data._ZN10__cxxabiv119__terminate_handlerE
                0x0000000002008824        0x4 d:/devkitpro/devkitarm/bin/../lib/gcc/arm-none-eabi/11.1.0/../../../../arm-none-eabi/lib\libstdc++.a(eh_term_handler.o)
                0x0000000002008824                __cxxabiv1::__terminate_handler
 .data.__malloc_av_
                0x0000000002008828      0x408 d:/devkitpro/devkitarm/bin/../lib/gcc/arm-none-eabi/11.1.0/../../../../arm-none-eabi/lib\libg.a(lib_a-mallocr.o)
                0x0000000002008828                __malloc_av_
 .data.__malloc_sbrk_base
                0x0000000002008c30        0x4 d:/devkitpro/devkitarm/bin/../lib/gcc/arm-none-eabi/11.1.0/../../../../arm-none-eabi/lib\libg.a(lib_a-mallocr.o)
                0x0000000002008c30                __malloc_sbrk_base
 .data.__malloc_trim_threshold
                0x0000000002008c34        0x4 d:/devkitpro/devkitarm/bin/../lib/gcc/arm-none-eabi/11.1.0/../../../../arm-none-eabi/lib\libg.a(lib_a-mallocr.o)
                0x0000000002008c34                __malloc_trim_threshold
 .data.__malloc_recursive_mutex
                0x0000000002008c38        0xc d:/devkitpro/devkitarm/bin/../lib/gcc/arm-none-eabi/11.1.0/../../../../arm-none-eabi/lib\libg.a(lib_a-mlock.o)
 .data._impure_ptr
                0x0000000002008c44        0x4 d:/devkitpro/devkitarm/bin/../lib/gcc/arm-none-eabi/11.1.0/../../../../arm-none-eabi/lib\libg.a(lib_a-impure.o)
                0x0000000002008c44                _impure_ptr
 *fill*         0x0000000002008c48        0x0 ff
 .data.impure_data
                0x0000000002008c48      0x460 d:/devkitpro/devkitarm/bin/../lib/gcc/arm-none-eabi/11.1.0/../../../../arm-none-eabi/lib\libg.a(lib_a-impure.o)
 *(EXCLUDE_FILE(*.twl*) .gnu.linkonce.d*)
                0x00000000020090a8                . = ALIGN (0x4)
                0x00000000020090a8                __data_end = ABSOLUTE (.)
                0x00000000020090a8                __bss_vma = .

.igot.plt       0x00000000020090a8        0x0
 .igot.plt      0x00000000020090a8        0x0 d:/devkitpro/devkitarm/bin/../lib/gcc/arm-none-eabi/11.1.0/../../../../arm-none-eabi/lib/ds_arm9_crt0.o

.dtcm           0x0000000002ff0000        0x0 load address 0x00000000020090a8
                0x00000000020090a8                __dtcm_lma = LOADADDR (.dtcm)
                0x0000000002ff0000                __dtcm_start = ABSOLUTE (.)
 *(.dtcm)
 *(.dtcm.*)
                0x0000000002ff0000                . = ALIGN (0x4)
                0x0000000002ff0000                __dtcm_end = ABSOLUTE (.)

.itcm           0x0000000001000100      0x194 load address 0x00000000020090a8
                0x00000000020090a8                __itcm_lma = LOADADDR (.itcm)
                0x0000000001000100                __itcm_start = ABSOLUTE (.)
 *(.itcm)
 .itcm          0x0000000001000100       0xc8 D:/devkitPro/libnds/lib\libnds9.a(interrupts.o)
                0x0000000001000100                irqTable
 .itcm          0x00000000010001c8       0xcc D:/devkitPro/libnds/lib\libnds9.a(interruptDispatcher.o)
                0x00000000010001c8                IntrMain
 *.itcm*(.text .stub .text.*)
                0x0000000001000294                . = ALIGN (0x4)
                0x0000000001000294                __itcm_end = ABSOLUTE (.)

.vectors        0x0000000001000000        0x0 load address 0x000000000200923c
                0x000000000200923c                __vectors_lma = LOADADDR (.vectors)
                0x0000000001000000                __vectors_start = ABSOLUTE (.)
 *(.vectors .vectors.*)
                0x0000000001000000                . = ALIGN (0x4)
                0x0000000001000000                __vectors_end = ABSOLUTE (.)

.sbss           0x0000000002ff0000        0x0
                0x0000000002ff0000                __sbss_start = ABSOLUTE (.)
                0x0000000002ff0000                __sbss_start__ = ABSOLUTE (.)
 *(.sbss)
                0x0000000002ff0000                . = ALIGN (0x4)
                0x0000000002ff0000                __sbss_end = ABSOLUTE (.)

.bss            0x00000000020090a8      0xb7c
                0x00000000020090a8                __bss_start = ABSOLUTE (.)
                0x00000000020090a8                __bss_start__ = ABSOLUTE (.)
 *(EXCLUDE_FILE(*.twl*) .dynbss)
 *(EXCLUDE_FILE(*.twl*) .gnu.linkonce.b*)
 *(EXCLUDE_FILE(*.twl*) .bss*)
 .bss.completed.1
                0x00000000020090a8        0x1 d:/devkitpro/devkitarm/bin/../lib/gcc/arm-none-eabi/11.1.0/crtbegin.o
 *fill*         0x00000000020090a9        0x3 
 .bss.object.0  0x00000000020090ac       0x18 d:/devkitpro/devkitarm/bin/../lib/gcc/arm-none-eabi/11.1.0/crtbegin.o
 .bss.gCurrentTexture
                0x00000000020090c4        0x4 D:/devkitPro/libnds/lib\libnds9.a(gl2d.o)
                0x00000000020090c4                gCurrentTexture
 .bss.g_depth   0x00000000020090c8        0x2 D:/devkitPro/libnds/lib\libnds9.a(gl2d.o)
 *fill*         0x00000000020090ca        0x2 
 .bss.diffuse_ambient.1
                0x00000000020090cc        0x4 D:/devkitPro/libnds/lib\libnds9.a(videoGL.o)
 .bss.glGlobalData
                0x00000000020090d0       0x54 D:/devkitPro/libnds/lib\libnds9.a(videoGL.o)
                0x00000000020090d0                glGlobalData
 .bss.specular_emission.0
                0x0000000002009124        0x4 D:/devkitPro/libnds/lib\libnds9.a(videoGL.o)
 .bss.keys      0x0000000002009128        0x2 D:/devkitPro/libnds/lib\libnds9.a(keys.o)
 .bss.keysold   0x000000000200912a        0x2 D:/devkitPro/libnds/lib\libnds9.a(keys.o)
 .bss.keysrepeat
                0x000000000200912c        0x2 D:/devkitPro/libnds/lib\libnds9.a(keys.o)
 .bss.__dsimode
                0x000000000200912e        0x1 D:/devkitPro/libnds/lib\libnds9.a(initSystem.o)
                0x000000000200912e                __dsimode
 *fill*         0x000000000200912f        0x1 
 .bss.punixTime
                0x0000000002009130        0x4 D:/devkitPro/libnds/lib\libnds9.a(timeSupport.o)
                0x0000000002009130                punixTime
 .bss.fifo_address_data
                0x0000000002009134       0x40 D:/devkitPro/libnds/lib\libnds9.a(fifosystem.o)
                0x0000000002009134                fifo_address_data
 .bss.fifo_address_func
                0x0000000002009174       0x40 D:/devkitPro/libnds/lib\libnds9.a(fifosystem.o)
                0x0000000002009174                fifo_address_func
 .bss.fifo_address_queue
                0x00000000020091b4       0x40 D:/devkitPro/libnds/lib\libnds9.a(fifosystem.o)
                0x00000000020091b4                fifo_address_queue
 .bss.fifo_buffer
                0x00000000020091f4      0x800 D:/devkitPro/libnds/lib\libnds9.a(fifosystem.o)
                0x00000000020091f4                fifo_buffer
 .bss.fifo_data_queue
                0x00000000020099f4       0x40 D:/devkitPro/libnds/lib\libnds9.a(fifosystem.o)
                0x00000000020099f4                fifo_data_queue
 .bss.fifo_datamsg_data
                0x0000000002009a34       0x40 D:/devkitPro/libnds/lib\libnds9.a(fifosystem.o)
                0x0000000002009a34                fifo_datamsg_data
 .bss.fifo_datamsg_func
                0x0000000002009a74       0x40 D:/devkitPro/libnds/lib\libnds9.a(fifosystem.o)
                0x0000000002009a74                fifo_datamsg_func
 .bss.fifo_value32_data
                0x0000000002009ab4       0x40 D:/devkitPro/libnds/lib\libnds9.a(fifosystem.o)
                0x0000000002009ab4                fifo_value32_data
 .bss.fifo_value32_func
                0x0000000002009af4       0x40 D:/devkitPro/libnds/lib\libnds9.a(fifosystem.o)
                0x0000000002009af4                fifo_value32_func
 .bss.fifo_value32_queue
                0x0000000002009b34       0x40 D:/devkitPro/libnds/lib\libnds9.a(fifosystem.o)
                0x0000000002009b34                fifo_value32_queue
 .bss.processing
                0x0000000002009b74        0x4 D:/devkitPro/libnds/lib\libnds9.a(fifosystem.o)
                0x0000000002009b74                processing
 .bss.SDcallback
                0x0000000002009b78        0x4 D:/devkitPro/libnds/lib\libnds9.a(system.o)
 .bss._ZN12_GLOBAL__N_114emergency_poolE
                0x0000000002009b7c       0x10 d:/devkitpro/devkitarm/bin/../lib/gcc/arm-none-eabi/11.1.0/../../../../arm-none-eabi/lib\libstdc++.a(eh_alloc.o)
 .bss._ZN12_GLOBAL__N_113__new_handlerE
                0x0000000002009b8c        0x4 d:/devkitpro/devkitarm/bin/../lib/gcc/arm-none-eabi/11.1.0/../../../../arm-none-eabi/lib\libstdc++.a(new_handler.o)
 .bss._ZL10eh_globals
                0x0000000002009b90        0xc d:/devkitpro/devkitarm/bin/../lib/gcc/arm-none-eabi/11.1.0/../../../../arm-none-eabi/lib\libstdc++.a(eh_globals.o)
 .bss.__malloc_current_mallinfo
                0x0000000002009b9c       0x28 d:/devkitpro/devkitarm/bin/../lib/gcc/arm-none-eabi/11.1.0/../../../../arm-none-eabi/lib\libg.a(lib_a-mallocr.o)
                0x0000000002009b9c                __malloc_current_mallinfo
 .bss.__malloc_max_sbrked_mem
                0x0000000002009bc4        0x4 d:/devkitpro/devkitarm/bin/../lib/gcc/arm-none-eabi/11.1.0/../../../../arm-none-eabi/lib\libg.a(lib_a-mallocr.o)
                0x0000000002009bc4                __malloc_max_sbrked_mem
 .bss.__malloc_max_total_mem
                0x0000000002009bc8        0x4 d:/devkitpro/devkitarm/bin/../lib/gcc/arm-none-eabi/11.1.0/../../../../arm-none-eabi/lib\libg.a(lib_a-mallocr.o)
                0x0000000002009bc8                __malloc_max_total_mem
 .bss.__malloc_top_pad
                0x0000000002009bcc        0x4 d:/devkitpro/devkitarm/bin/../lib/gcc/arm-none-eabi/11.1.0/../../../../arm-none-eabi/lib\libg.a(lib_a-mallocr.o)
                0x0000000002009bcc                __malloc_top_pad
 .bss.heap_start.0
                0x0000000002009bd0        0x4 d:/devkitpro/devkitarm/bin/../lib/gcc/arm-none-eabi/11.1.0/../../../../arm-none-eabi/lib\libsysbase.a(sbrk.o)
 .bss.fake_heap_end
                0x0000000002009bd4        0x4 d:/devkitpro/devkitarm/bin/../lib/gcc/arm-none-eabi/11.1.0/../../../../arm-none-eabi/lib\libsysbase.a(malloc_vars.o)
                0x0000000002009bd4                fake_heap_end
 .bss.fake_heap_start
                0x0000000002009bd8        0x4 d:/devkitpro/devkitarm/bin/../lib/gcc/arm-none-eabi/11.1.0/../../../../arm-none-eabi/lib\libsysbase.a(malloc_vars.o)
                0x0000000002009bd8                fake_heap_start
 .bss.__syscalls
                0x0000000002009bdc       0x48 d:/devkitpro/devkitarm/bin/../lib/gcc/arm-none-eabi/11.1.0/../../../../arm-none-eabi/lib\libsysbase.a(syscall_support.o)
                0x0000000002009bdc                __syscalls
 *(EXCLUDE_FILE(*.twl*) COMMON)
                0x0000000002009c24                . = ALIGN (0x4)
                0x0000000002009c24                __bss_end__ = ABSOLUTE (.)
                0x0000000002009c24                __end__ = ABSOLUTE (.)

.twl            0x0000000002009c24        0x0 load address 0x0000000002400000
                0x0000000002400000                __arm9i_lma__ = LOADADDR (.twl)
                0x0000000002009c24                __arm9i_start__ = ABSOLUTE (.)
 *(.twl)
 *.twl*(.text .stub .text.* .gnu.linkonce.t.*)
 *.twl*(.rodata)
 *.twl*(.roda)
 *.twl*(.rodata.*)
 *.twl*(.data)
 *.twl*(.data.*)
 *.twl*(.gnu.linkonce.d*)
                0x0000000002009c24                __arm9i_end__ = ABSOLUTE (.)

.twl_bss        0x0000000002009c24        0x0
                0x0000000002009c24                __twl_bss_start__ = ABSOLUTE (.)
 *(.twl_bss)
 *.twl*(.dynbss)
 *.twl*(.gnu.linkonce.b*)
 *.twl*(.bss*)
 *.twl*(COMMON)
                0x0000000002009c24                . = ALIGN (0x4)
                0x0000000002009c24                __twl_bss_end__ = ABSOLUTE (.)
                0x0000000002009c24                __twl_end__ = ABSOLUTE (.)

.stab
 *(.stab)

.stabstr
 *(.stabstr)

.stab.excl
 *(.stab.excl)

.stab.exclstr
 *(.stab.exclstr)

.stab.index
 *(.stab.index)

.stab.indexstr
 *(.stab.indexstr)

.comment        0x0000000000000000       0x46
 *(.comment)
 .comment       0x0000000000000000       0x23 d:/devkitpro/devkitarm/bin/../lib/gcc/arm-none-eabi/11.1.0/crtbegin.o
                                         0x24 (size before relaxing)
 .comment       0x0000000000000023       0x24 main.o
 .comment       0x0000000000000023       0x23 D:/devkitPro/libnds/lib\libnds9.a(gl2d.o)
                                         0x24 (size before relaxing)
 .comment       0x0000000000000046       0x24 D:/devkitPro/libnds/lib\libnds9.a(trig.o)
 .comment       0x0000000000000046       0x24 D:/devkitPro/libnds/lib\libnds9.a(videoGL.o)
 .comment       0x0000000000000046       0x24 D:/devkitPro/libnds/lib\libnds9.a(keys.o)
 .comment       0x0000000000000046       0x24 D:/devkitPro/libnds/lib\libnds9.a(initSystem.o)
 .comment       0x0000000000000046       0x24 D:/devkitPro/libnds/lib\libnds9.a(timeSupport.o)
 .comment       0x0000000000000046       0x24 D:/devkitPro/libnds/lib\libnds9.a(securearea.o)
 .comment       0x0000000000000046       0x24 D:/devkitPro/libnds/lib\libnds9.a(interrupts.o)
 .comment       0x0000000000000046       0x24 D:/devkitPro/libnds/lib\libnds9.a(libnds_exit.arm.o)
 .comment       0x0000000000000046       0x24 D:/devkitPro/libnds/lib\libnds9.a(fifosystem.o)
 .comment       0x0000000000000046       0x24 D:/devkitPro/libnds/lib\libnds9.a(dynamicArray.o)
 .comment       0x0000000000000046       0x24 D:/devkitPro/libnds/lib\libnds9.a(video.o)
 .comment       0x0000000000000046       0x24 D:/devkitPro/libnds/lib\libnds9.a(system.o)
 .comment       0x0000000000000046       0x24 d:/devkitpro/devkitarm/bin/../lib/gcc/arm-none-eabi/11.1.0/../../../../arm-none-eabi/lib\libstdc++.a(new_opv.o)
 .comment       0x0000000000000046       0x24 d:/devkitpro/devkitarm/bin/../lib/gcc/arm-none-eabi/11.1.0/../../../../arm-none-eabi/lib\libstdc++.a(new_op.o)